Component: ARM Compiler 5.06 update 6 (build 750) Tool: armlink [4d35ed]

==============================================================================

Section Cross References

    main.o(i.Edge) refers to up_adc.o(i.UP_ADC_GetValue) for UP_ADC_GetValue
    main.o(i.Edge) refers to main.o(.data) for .data
    main.o(i.Enemy) refers to up_adc.o(i.UP_ADC_GetIO) for UP_ADC_GetIO
    main.o(i.Enemy) refers to main.o(.data) for .data
    main.o(i.Fence) refers to up_adc.o(i.UP_ADC_GetIO) for UP_ADC_GetIO
    main.o(i.Fence) refers to main.o(.data) for .data
    main.o(i.Stage) refers to up_adc.o(i.UP_ADC_GetValue) for UP_ADC_GetValue
    main.o(i.Stage) refers to main.o(.data) for .data
    main.o(i.TimerHadler0) refers to main.o(i.Stage) for Stage
    main.o(i.TimerHadler0) refers to main.o(i.Edge) for Edge
    main.o(i.TimerHadler0) refers to main.o(i.Enemy) for Enemy
    main.o(i.TimerHadler0) refers to main.o(i.Fence) for Fence
    main.o(i.TimerHadler0) refers to main.o(.data) for .data
    main.o(i.chanzi) refers to up_cds5500.o(i.UP_CDS_SetAngle) for UP_CDS_SetAngle
    main.o(i.main) refers to up_timer.o(i.UP_Timer_EnableIT) for UP_Timer_EnableIT
    main.o(i.main) refers to up_timer.o(i.UP_Timer_SetHadler) for UP_Timer_SetHadler
    main.o(i.main) refers to up_system.o(i.UP_System_Init) for UP_System_Init
    main.o(i.main) refers to up_cds5500.o(i.UP_CDS_SetMode) for UP_CDS_SetMode
    main.o(i.main) refers to up_lcd.o(i.UP_LCD_ClearScreen) for UP_LCD_ClearScreen
    main.o(i.main) refers to up_lcd.o(i.UP_LCD_ShowInt) for UP_LCD_ShowInt
    main.o(i.main) refers to up_cds5500.o(i.UP_CDS_SetAngle) for UP_CDS_SetAngle
    main.o(i.main) refers to main.o(i.move) for move
    main.o(i.main) refers to up_globle.o(i.UP_delay_ms) for UP_delay_ms
    main.o(i.main) refers to up_globle.o(i.UP_delay_us) for UP_delay_us
    main.o(i.main) refers to main.o(i.TimerHadler0) for TimerHadler0
    main.o(i.main) refers to main.o(.data) for .data
    main.o(i.move) refers to up_cds5500.o(i.UP_CDS_SetSpeed) for UP_CDS_SetSpeed
    main.o(i.move) refers to main.o(.data) for .data
    main.o(i.qding) refers to up_cds5500.o(i.UP_CDS_SetAngle) for UP_CDS_SetAngle
    main.o(i.qding) refers to up_globle.o(i.UP_delay_ms) for UP_delay_ms
    main.o(i.zhong) refers to up_cds5500.o(i.UP_CDS_SetAngle) for UP_CDS_SetAngle
    stm32f10x_adc.o(i.ADC_DeInit) refers to stm32f10x_rcc.o(i.RCC_APB2PeriphResetCmd) for RCC_APB2PeriphResetCmd
    stm32f10x_gpio.o(i.GPIO_AFIODeInit) refers to stm32f10x_rcc.o(i.RCC_APB2PeriphResetCmd) for RCC_APB2PeriphResetCmd
    stm32f10x_gpio.o(i.GPIO_DeInit) refers to stm32f10x_rcc.o(i.RCC_APB2PeriphResetCmd) for RCC_APB2PeriphResetCmd
    stm32f10x_rcc.o(i.RCC_GetClocksFreq) refers to stm32f10x_rcc.o(.data) for .data
    stm32f10x_rcc.o(i.RCC_WaitForHSEStartUp) refers to stm32f10x_rcc.o(i.RCC_GetFlagStatus) for RCC_GetFlagStatus
    stm32f10x_tim.o(i.TIM_DeInit) refers to stm32f10x_rcc.o(i.RCC_APB1PeriphResetCmd) for RCC_APB1PeriphResetCmd
    stm32f10x_tim.o(i.TIM_DeInit) refers to stm32f10x_rcc.o(i.RCC_APB2PeriphResetCmd) for RCC_APB2PeriphResetCmd
    stm32f10x_tim.o(i.TIM_ETRClockMode1Config) refers to stm32f10x_tim.o(i.TIM_ETRConfig) for TIM_ETRConfig
    stm32f10x_tim.o(i.TIM_ETRClockMode2Config) refers to stm32f10x_tim.o(i.TIM_ETRConfig) for TIM_ETRConfig
    stm32f10x_tim.o(i.TIM_ICInit) refers to stm32f10x_tim.o(i.TI1_Config) for TI1_Config
    stm32f10x_tim.o(i.TIM_ICInit) refers to stm32f10x_tim.o(i.TIM_SetIC1Prescaler) for TIM_SetIC1Prescaler
    stm32f10x_tim.o(i.TIM_ICInit) refers to stm32f10x_tim.o(i.TI2_Config) for TI2_Config
    stm32f10x_tim.o(i.TIM_ICInit) refers to stm32f10x_tim.o(i.TIM_SetIC2Prescaler) for TIM_SetIC2Prescaler
    stm32f10x_tim.o(i.TIM_ICInit) refers to stm32f10x_tim.o(i.TIM_SetIC3Prescaler) for TIM_SetIC3Prescaler
    stm32f10x_tim.o(i.TIM_ICInit) refers to stm32f10x_tim.o(i.TIM_SetIC4Prescaler) for TIM_SetIC4Prescaler
    stm32f10x_tim.o(i.TIM_ITRxExternalClockConfig) refers to stm32f10x_tim.o(i.TIM_SelectInputTrigger) for TIM_SelectInputTrigger
    stm32f10x_tim.o(i.TIM_PWMIConfig) refers to stm32f10x_tim.o(i.TI2_Config) for TI2_Config
    stm32f10x_tim.o(i.TIM_PWMIConfig) refers to stm32f10x_tim.o(i.TIM_SetIC2Prescaler) for TIM_SetIC2Prescaler
    stm32f10x_tim.o(i.TIM_PWMIConfig) refers to stm32f10x_tim.o(i.TI1_Config) for TI1_Config
    stm32f10x_tim.o(i.TIM_PWMIConfig) refers to stm32f10x_tim.o(i.TIM_SetIC1Prescaler) for TIM_SetIC1Prescaler
    stm32f10x_tim.o(i.TIM_TIxExternalClockConfig) refers to stm32f10x_tim.o(i.TI1_Config) for TI1_Config
    stm32f10x_tim.o(i.TIM_TIxExternalClockConfig) refers to stm32f10x_tim.o(i.TIM_SelectInputTrigger) for TIM_SelectInputTrigger
    stm32f10x_tim.o(i.TIM_TIxExternalClockConfig) refers to stm32f10x_tim.o(i.TI2_Config) for TI2_Config
    stm32f10x_usart.o(i.USART_DeInit) refers to stm32f10x_rcc.o(i.RCC_APB2PeriphResetCmd) for RCC_APB2PeriphResetCmd
[...]
    Removing stm32f10x_tim.o(i.TIM_SetIC3Prescaler), (16 bytes).
    Removing stm32f10x_tim.o(i.TIM_SetIC4Prescaler), (24 bytes).
    Removing stm32f10x_tim.o(i.TIM_TIxExternalClockConfig), (46 bytes).
    Removing stm32f10x_tim.o(i.TIM_TimeBaseStructInit), (18 bytes).
    Removing stm32f10x_tim.o(i.TIM_UpdateDisableConfig), (20 bytes).
    Removing stm32f10x_tim.o(i.TIM_UpdateRequestConfig), (20 bytes).
    Removing stm32f10x_usart.o(i.USART_ClockStructInit), (12 bytes).
    Removing stm32f10x_usart.o(i.USART_DeInit), (116 bytes).
    Removing stm32f10x_usart.o(i.USART_HalfDuplexCmd), (20 bytes).
    Removing stm32f10x_usart.o(i.USART_IrDACmd), (20 bytes).
    Removing stm32f10x_usart.o(i.USART_IrDAConfig), (16 bytes).
    Removing stm32f10x_usart.o(i.USART_LINBreakDetectLengthConfig), (16 bytes).
    Removing stm32f10x_usart.o(i.USART_LINCmd), (20 bytes).
    Removing stm32f10x_usart.o(i.USART_OneBitMethodCmd), (20 bytes).
    Removing stm32f10x_usart.o(i.USART_OverSampling8Cmd), (20 bytes).
    Removing stm32f10x_usart.o(i.USART_ReceiverWakeUpCmd), (20 bytes).
    Removing stm32f10x_usart.o(i.USART_SendBreak), (10 bytes).
    Removing stm32f10x_usart.o(i.USART_SendData), (8 bytes).
    Removing stm32f10x_usart.o(i.USART_SetAddress), (16 bytes).
    Removing stm32f10x_usart.o(i.USART_SetGuardTime), (16 bytes).
    Removing stm32f10x_usart.o(i.USART_SetPrescaler), (16 bytes).
    Removing stm32f10x_usart.o(i.USART_SmartCardCmd), (20 bytes).
    Removing stm32f10x_usart.o(i.USART_SmartCardNACKCmd), (20 bytes).
    Removing stm32f10x_usart.o(i.USART_StructInit), (22 bytes).
    Removing stm32f10x_usart.o(i.USART_WakeUpConfig), (16 bytes).
    Removing system_stm32f10x.o(i.SystemCoreClockUpdate), (100 bytes).
    Removing stm32f10x_exti.o(i.EXTI_ClearFlag), (12 bytes).
    Removing stm32f10x_exti.o(i.EXTI_ClearITPendingBit), (12 bytes).
    Removing stm32f10x_exti.o(i.EXTI_DeInit), (36 bytes).
    Removing stm32f10x_exti.o(i.EXTI_GenerateSWInterrupt), (16 bytes).
    Removing stm32f10x_exti.o(i.EXTI_GetFlagStatus), (20 bytes).
    Removing stm32f10x_exti.o(i.EXTI_Init), (112 bytes).
    Removing stm32f10x_exti.o(i.EXTI_StructInit), (14 bytes).
    Removing startup_stm32f10x_hd.o(HEAP), (512 bytes).
    Removing cortexm3_macro.o(.text), (122 bytes).
    Removing up_system.o(i.UP_ITConfig), (2 bytes).
    Removing up_globle.o(i.abs), (8 bytes).
    Removing up_globle.o(i.fabs), (30 bytes).
    Removing up_globle.o(.data), (4 bytes).
    Removing up_globle.o(.data), (4 bytes).
    Removing up_adc.o(i.UP_ADC_GetAllIO), (48 bytes).
    Removing up_lcd.o(i.UP_LCD_ClearLine), (70 bytes).
    Removing up_lcd.o(i.UP_LCD_OnOff), (14 bytes).
    Removing up_lcd.o(i.UP_LCD_ShowCharacter), (68 bytes).
    Removing up_lcd.o(i.UP_LCD_ShowCharacterString), (96 bytes).
    Removing up_lcd.o(i.UP_LCD_ShowHex), (58 bytes).
    Removing up_lcd.o(i.UP_LCD_ShowLetter), (52 bytes).
    Removing up_lcd.o(i.UP_LCD_ShowProgressBar), (222 bytes).
    Removing up_lcd.o(i.fputc), (76 bytes).
    Removing up_uart.o(i.UP_EnableBluetoothIT), (20 bytes).
    Removing up_uart.o(i.UP_EnableZigbeeIT), (20 bytes).
    Removing up_uart.o(i.UP_UART1_Putc), (32 bytes).
    Removing up_uart.o(i.UP_UART1_Puts), (40 bytes).
    Removing up_uart.o(i.UP_UART4_Putc), (32 bytes).
    Removing up_uart.o(i.UP_UART4_Puts), (40 bytes).
    Removing up_uart.o(i.UP_UART5_Putc), (32 bytes).
    Removing up_uart.o(i.UP_UART5_Puts), (40 bytes).
    Removing up_it.o(i.BusFaultException), (2 bytes).
    Removing up_it.o(i.DebugMonitor), (2 bytes).
    Removing up_it.o(i.HardFaultException), (2 bytes).
    Removing up_it.o(i.MemManageException), (2 bytes).
    Removing up_it.o(i.NMIException), (2 bytes).
    Removing up_it.o(i.PendSVC), (2 bytes).
    Removing up_it.o(i.SVCHandler), (2 bytes).
    Removing up_it.o(i.UsageFaultException), (2 bytes).
    Removing up_it.o(.data), (4 bytes).
    Removing up_exti.o(i.UP_Exti_DisableIT), (32 bytes).
    Removing up_exti.o(i.UP_Exti_EnableIT), (40 bytes).
    Removing up_exti.o(i.UP_Exti_SetHadler), (16 bytes).
    Removing up_timer.o(i.UP_Timer_CleanCount), (20 bytes).
    Removing up_timer.o(i.UP_Timer_DisableIT), (88 bytes).
    Removing up_timer.o(i.UP_Timer_GetCount), (20 bytes).
    Removing up_timer.o(i.UP_Timer_InitParameters), (2 bytes).
    Removing up_pwm.o(i.UP_PWM_Enable), (132 bytes).
    Removing up_pwm.o(i.UP_PWM_SetDutyTime), (88 bytes).
    Removing up_pwm.o(i.UP_PWM_SetFrequency), (72 bytes).
    Removing up_pwm.o(i.UP_PWM_SetIO), (64 bytes).
    Removing up_pwm.o(.data), (16 bytes).
    Removing up_bluetooth.o(i.UP_Bluetooth_EnableIT), (12 bytes).
    Removing up_bluetooth.o(i.UP_Bluetooth_Putc), (4 bytes).
    Removing up_bluetooth.o(i.UP_Bluetooth_Puts), (4 bytes).
    Removing up_bluetooth.o(i.UP_SetBluetoothHadler), (16 bytes).
    Removing up_cds5500.o(i.UP_CDS_Set4MotoSpeed), (126 bytes).
    Removing up_zigbee.o(i.Check_Tx_Frame), (68 bytes).
    Removing up_zigbee.o(i.UP_Push_TxData), (180 bytes).
    Removing up_zigbee.o(i.UP_SetZigbeeHadler), (16 bytes).
    Removing up_zigbee.o(i.UP_Zigbee_EnableIT), (20 bytes).
    Removing up_zigbee.o(i.UP_Zigbee_GetConfig), (36 bytes).
    Removing up_zigbee.o(i.UP_Zigbee_GetID), (54 bytes).
    Removing up_zigbee.o(i.UP_Zigbee_Putc), (4 bytes).
    Removing up_zigbee.o(i.UP_Zigbee_Puts), (4 bytes).
    Removing up_zigbee.o(i.UP_Zigbee_Rec), (312 bytes).
    Removing up_zigbee.o(i.UP_Zigbee_RequireSensor), (46 bytes).
    Removing up_zigbee.o(i.UP_Zigbee_SendData), (120 bytes).
    Removing up_zigbee.o(i.UP_Zigbee_SetDeviceType), (44 bytes).
    Removing up_zigbee.o(i.UP_Zigbee_SetID), (44 bytes).
    Removing up_zigbee.o(i.Zigbee_TIMER_handler), (44 bytes).
    Removing up_zigbee.o(.bss), (3282 bytes).
    Removing up_zigbee.o(.bss), (9 bytes).
    Removing up_zigbee.o(.data), (16 bytes).
    Removing up_zigbee.o(.data), (1 bytes).
    Removing up_zigbee.o(.data), (8 bytes).
    Removing up_usr232.o(i.UP_EnableUSR232IT), (20 bytes).
    Removing up_usr232.o(i.UP_SetUSR232Hadler), (16 bytes).
    Removing up_usr232.o(i.UP_USR232_EnableIT), (12 bytes).
    Removing up_usr232.o(i.UP_USR232_Putc), (4 bytes).
    Removing up_usr232.o(i.UP_USR232_Puts), (4 bytes).
    Removing up_ioout.o(i.UP_IOout_SetALLIO), (156 bytes).
    Removing up_ioout.o(i.UP_IOout_SetIO), (92 bytes).
    Removing up_ioout.o(.data), (6 bytes).
    Removing up_vga.o(i.CDS_Read_Sign), (96 bytes).
    Removing up_vga.o(i.SetSpeed), (20 bytes).
    Removing up_vga.o(i.UP_UART3_Putc), (32 bytes).
    Removing up_vga.o(i.UP_VGA_DIS_TRACKSIGN), (56 bytes).
    Removing up_vga.o(i.UP_VGA_MOTION_FORWARD), (12 bytes).
    Removing up_vga.o(i.UP_VGA_MOTION_STOP), (16 bytes).
    Removing up_vga.o(i.UP_VGA_MOTION_TURN), (344 bytes).
    Removing up_vga.o(i.UP_VGA_OPEN_USART3), (28 bytes).
    Removing up_vga.o(i.UP_VGA_PROTECTSET), (12 bytes).
    Removing up_vga.o(i.UP_VGA_SetSpeed), (20 bytes).
    Removing up_vga.o(i.UP_VGA_Timer), (28 bytes).
    Removing up_vga.o(i.USART3_NVIC), (32 bytes).
    Removing up_vga.o(i.VGA_Timer_Handler), (600 bytes).
    Removing up_vga.o(.data), (1 bytes).
    Removing up_vga.o(.data), (1 bytes).
    Removing up_rfid.o(i.RFIDParser), (36 bytes).
    Removing up_rfid.o(i.RFID_Timer_Handler), (44 bytes).
    Removing up_rfid.o(i.UP_RFID_CheckID), (28 bytes).
    Removing up_rfid.o(i.UP_RFID_Init), (48 bytes).
    Removing up_rfid.o(i.UP_RFID_ReadCard), (68 bytes).
    Removing up_rfid.o(.bss), (10 bytes).
    Removing up_rfid.o(.data), (12 bytes).
    Removing up_mp3.o(i.UART2Init), (160 bytes).
    Removing up_mp3.o(i.UART2Putc), (32 bytes).
    Removing up_mp3.o(i.UART2Puts), (40 bytes).
    Removing up_mp3.o(i.UP_MP3_Init), (22 bytes).
    Removing up_mp3.o(i.UP_MP3_Pause), (36 bytes).
    Removing up_mp3.o(i.UP_MP3_PlaySound), (38 bytes).
    Removing up_mp3.o(i.UP_MP3_SetVolume), (38 bytes).
    Removing up_variable.o(i.UP_Clear_RoutInfo), (40 bytes).
    Removing up_variable.o(i.UP_RFID_GetIdIndex), (306 bytes).
    Removing up_variable.o(.bss), (200 bytes).
    Removing up_variable.o(.data), (1 bytes).
    Removing up_variable.o(.data), (1 bytes).
    Removing up_variable.o(.data), (1 bytes).
    Removing up_variable.o(.data), (1 bytes).
    Removing up_variable.o(.data), (1 bytes).
    Removing up_variable.o(.data), (1 bytes).
    Removing up_variable.o(.data), (1 bytes).
    Removing up_variable.o(.data), (1 bytes).
    Removing up_variable.o(.data), (1 bytes).
    Removing up_variable.o(.data), (1 bytes).
    Removing up_variable.o(.data), (180 bytes).
    Removing up_variable.o(.data), (4 bytes).
    Removing up_variable.o(.data), (2 bytes).
    Removing up_variable.o(.data), (8 bytes).
    Removing up_uart_parse.o(i.COM_TIMER_handler), (80 bytes).
    Removing up_uart_parse.o(i.UP_USR232_Answer), (56 bytes).
    Removing up_uart_parse.o(i.USR232_Parse), (40 bytes).
    Removing up_uart_parse.o(i.USR232_RecHandler), (188 bytes).
    Removing up_uart_parse.o(.bss), (3282 bytes).
    Removing up_uart_parse.o(.data), (12 bytes).
    Removing up_woody_voiceplaying.o(i.UP_Woody_CloseMusicPlay), (48 bytes).
    Removing up_woody_voiceplaying.o(i.UP_Woody_PlayingMusic), (68 bytes).
    Removing up_woody_voiceplaying.o(i.UP_Woody_StartMusicPlay), (48 bytes).
    Removing up_woody_voiceplaying.o(.bss), (20 bytes).
    Removing up_woody_voiceplaying.o(.data), (20 bytes).
    Removing up_woody_voiceplaying.o(.data), (7 bytes).
    Removing up_woody_voiceplaying.o(.data), (4 bytes).
    Removing up_woody_voiceplaying.o(.data), (4 bytes).
    Removing up_woody_voiceplaying.o(.data), (4 bytes).
    Removing up_woody_speechrecognition.o(i.UP_Display_Return_Read), (104 bytes).
    Removing up_woody_speechrecognition.o(i.UP_Display_Return_Text), (96 bytes).
    Removing up_woody_speechrecognition.o(i.UP_Woody_CloseSpeechRecognize), (56 bytes).
    Removing up_woody_speechrecognition.o(i.UP_Woody_Display_Speech_ID), (64 bytes).
    Removing up_woody_speechrecognition.o(i.UP_Woody_Speech_ClearData), (32 bytes).
    Removing up_woody_speechrecognition.o(i.UP_Woody_Speech_ID_Judge), (24 bytes).
    Removing up_woody_speechrecognition.o(i.UP_Woody_Speech_ReadData), (56 bytes).
    Removing up_woody_speechrecognition.o(i.UP_Woody_Speech_TestCommand), (36 bytes).
    Removing up_woody_speechrecognition.o(i.UP_Woody_StartSpeechRecognize), (60 bytes).
    Removing up_woody_speechrecognition.o(.data), (32 bytes).
    Removing up_woody_speechrecognition.o(.data), (1 bytes).
    Removing up_woody_speechrecognition.o(.data), (7 bytes).
    Removing up_woody_imagerecognition.o(i.TimeHadler), (60 bytes).
    Removing up_woody_imagerecognition.o(i.UP_Woody_BlueRecognize), (108 bytes).
    Removing up_woody_imagerecognition.o(i.UP_Woody_Clear_ImageRecognize_Data), (32 bytes).
    Removing up_woody_imagerecognition.o(i.UP_Woody_CloseImageRecognize), (48 bytes).
    Removing up_woody_imagerecognition.o(i.UP_Woody_Display_Pixel), (48 bytes).
    Removing up_woody_imagerecognition.o(i.UP_Woody_Display_ReturnImageRecognize), (176 bytes).
    Removing up_woody_imagerecognition.o(i.UP_Woody_Display_X_Y), (76 bytes).
    Removing up_woody_imagerecognition.o(i.UP_Woody_GreenRecognize), (108 bytes).
    Removing up_woody_imagerecognition.o(i.UP_Woody_ImagePixel), (100 bytes).
    Removing up_woody_imagerecognition.o(i.UP_Woody_Init), (36 bytes).
    Removing up_woody_imagerecognition.o(i.UP_Woody_PinkRecognize), (108 bytes).
    Removing up_woody_imagerecognition.o(i.UP_Woody_RedRecognize), (108 bytes).
    Removing up_woody_imagerecognition.o(i.UP_Woody_StartImageRecognize), (56 bytes).
    Removing up_woody_imagerecognition.o(i.UP_Woody_WhiteRecognize), (108 bytes).
    Removing up_woody_imagerecognition.o(i.UP_Woody_X_Coordinates), (64 bytes).
    Removing up_woody_imagerecognition.o(i.UP_Woody_Y_Coordinates), (64 bytes).
    Removing up_woody_imagerecognition.o(i.UP_Woody_YellowRecognize), (108 bytes).
    Removing up_woody_imagerecognition.o(i.USR232_Hadler), (80 bytes).
    Removing up_woody_imagerecognition.o(.bss), (20 bytes).
    Removing up_woody_imagerecognition.o(.bss), (20 bytes).
    Removing up_woody_imagerecognition.o(.data), (94 bytes).
    Removing up_woody_imagerecognition.o(.data), (1 bytes).
    Removing up_woody_imagerecognition.o(.data), (4 bytes).
    Removing up_woody_imagerecognition.o(.data), (4 bytes).
    Removing dmul.o(.text), (228 bytes).
    Removing dfltui.o(.text), (26 bytes).
    Removing dfixi.o(.text), (62 bytes).
    Removing cdrcmple.o(.text), (48 bytes).
    Removing depilogue.o(.text), (186 bytes).
    Removing dadd.o(.text), (334 bytes).
    Removing ddiv.o(.text), (222 bytes).
    Removing dfixul.o(.text), (48 bytes).

375 unused section(s) (total 21364 bytes) removed from the image.

==============================================================================

Image Symbol Table

    Local Symbols

    Symbol Name                              Value     Ov Type        Size  Object(Section)

    ../clib/microlib/division.c              0x00000000   Number         0  uldiv.o ABSOLUTE
    ../clib/microlib/division.c              0x00000000   Number         0  uidiv.o ABSOLUTE
    ../clib/microlib/init/entry.s            0x00000000   Number         0  entry9a.o ABSOLUTE
    ../clib/microlib/init/entry.s            0x00000000   Number         0  entry7b.o ABSOLUTE
    ../clib/microlib/init/entry.s            0x00000000   Number         0  entry11b.o ABSOLUTE
    ../clib/microlib/init/entry.s            0x00000000   Number         0  entry8a.o ABSOLUTE
    ../clib/microlib/init/entry.s            0x00000000   Number         0  entry.o ABSOLUTE
    ../clib/microlib/init/entry.s            0x00000000   Number         0  entry11a.o ABSOLUTE
    ../clib/microlib/init/entry.s            0x00000000   Number         0  entry10b.o ABSOLUTE
    ../clib/microlib/init/entry.s            0x00000000   Number         0  entry10a.o ABSOLUTE
    ../clib/microlib/init/entry.s            0x00000000   Number         0  entry9b.o ABSOLUTE
    ../clib/microlib/init/entry.s            0x00000000   Number         0  entry7a.o ABSOLUTE
    ../clib/microlib/init/entry.s            0x00000000   Number         0  entry8b.o ABSOLUTE
    ../clib/microlib/init/entry.s            0x00000000   Number         0  entry5.o ABSOLUTE
    ../clib/microlib/init/entry.s            0x00000000   Number         0  entry2.o ABSOLUTE
    ../clib/microlib/longlong.c              0x00000000   Number         0  llshl.o ABSOLUTE
    ../clib/microlib/longlong.c              0x00000000   Number         0  llushr.o ABSOLUTE
    ../clib/microlib/longlong.c              0x00000000   Number         0  llsshr.o ABSOLUTE
    ../clib/microlib/printf/printf.c         0x00000000   Number         0  printf6.o ABSOLUTE
    ../clib/microlib/printf/printf.c         0x00000000   Number         0  printf4.o ABSOLUTE
    ../clib/microlib/printf/printf.c         0x00000000   Number         0  printf3.o ABSOLUTE
    ../clib/microlib/printf/printf.c         0x00000000   Number         0  printf2.o ABSOLUTE
    ../clib/microlib/printf/printf.c         0x00000000   Number         0  printf1.o ABSOLUTE
    ../clib/microlib/printf/printf.c         0x00000000   Number         0  printf0.o ABSOLUTE
    ../clib/microlib/printf/printf.c         0x00000000   Number         0  printfb.o ABSOLUTE
    ../clib/microlib/printf/printf.c         0x00000000   Number         0  printf5.o ABSOLUTE
    ../clib/microlib/printf/printf.c         0x00000000   Number         0  printf8.o ABSOLUTE
    ../clib/microlib/printf/printf.c         0x00000000   Number         0  printfa.o ABSOLUTE
    ../clib/microlib/printf/printf.c         0x00000000   Number         0  printf7.o ABSOLUTE
    ../clib/microlib/printf/stubs.s          0x00000000   Number         0  stubs.o ABSOLUTE
    ../clib/microlib/stdio/streams.c         0x00000000   Number         0  stdout.o ABSOLUTE
    ../clib/microlib/stubs.s                 0x00000000   Number         0  iusefp.o ABSOLUTE
    ../fplib/microlib/fpadd.c                0x00000000   Number         0  dadd.o ABSOLUTE
    ../fplib/microlib/fpdiv.c                0x00000000   Number         0  fdiv.o ABSOLUTE
    ../fplib/microlib/fpdiv.c                0x00000000   Number         0  ddiv.o ABSOLUTE
    ../fplib/microlib/fpepilogue.c           0x00000000   Number         0  fepilogue.o ABSOLUTE
    ../fplib/microlib/fpepilogue.c           0x00000000   Number         0  depilogue.o ABSOLUTE
    ../fplib/microlib/fpfix.c                0x00000000   Number         0  dfixul.o ABSOLUTE
    ../fplib/microlib/fpfix.c                0x00000000   Number         0  dfixi.o ABSOLUTE
    ../fplib/microlib/fpfix.c                0x00000000   Number         0  ffixi.o ABSOLUTE
    ../fplib/microlib/fpflt.c                0x00000000   Number         0  fflti.o ABSOLUTE
    ../fplib/microlib/fpflt.c                0x00000000   Number         0  dfltui.o ABSOLUTE
    ../fplib/microlib/fpmul.c                0x00000000   Number         0  dmul.o ABSOLUTE
    ..\\src\\UpLib\\STM32Lib\\core_cm3.c     0x00000000   Number         0  core_cm3.o ABSOLUTE
    ..\src\UpLib\STM32Lib\StartUp\cortexm3_macro.s 0x00000000   Number         0  cortexm3_macro.o ABSOLUTE
    ..\src\UpLib\STM32Lib\StartUp\startup_stm32f10x_hd.s 0x00000000   Number         0  startup_stm32f10x_hd.o ABSOLUTE
    ..\src\UpLib\STM32Lib\core_cm3.c         0x00000000   Number         0  core_cm3.o ABSOLUTE
    ..\src\UpLib\STM32Lib\misc.c             0x00000000   Number         0  misc.o ABSOLUTE
    ..\src\UpLib\STM32Lib\stm32f10x_adc.c    0x00000000   Number         0  stm32f10x_adc.o ABSOLUTE
    ..\src\UpLib\STM32Lib\stm32f10x_dma.c    0x00000000   Number         0  stm32f10x_dma.o ABSOLUTE
    ..\src\UpLib\STM32Lib\stm32f10x_exti.c   0x00000000   Number         0  stm32f10x_exti.o ABSOLUTE
    ..\src\UpLib\STM32Lib\stm32f10x_gpio.c   0x00000000   Number         0  stm32f10x_gpio.o ABSOLUTE
    ..\src\UpLib\STM32Lib\stm32f10x_rcc.c    0x00000000   Number         0  stm32f10x_rcc.o ABSOLUTE
    ..\src\UpLib\STM32Lib\stm32f10x_tim.c    0x00000000   Number         0  stm32f10x_tim.o ABSOLUTE
    ..\src\UpLib\STM32Lib\stm32f10x_usart.c  0x00000000   Number         0  stm32f10x_usart.o ABSOLUTE
    ..\src\UpLib\STM32Lib\system_stm32f10x.c 0x00000000   Number         0  system_stm32f10x.o ABSOLUTE
    ..\src\UpLib\UP_ADC.c                    0x00000000   Number         0  up_adc.o ABSOLUTE
    ..\src\UpLib\UP_Bluetooth.c              0x00000000   Number         0  up_bluetooth.o ABSOLUTE
    ..\src\UpLib\UP_CDS5500.c                0x00000000   Number         0  up_cds5500.o ABSOLUTE
    ..\src\UpLib\UP_Exti.c                   0x00000000   Number         0  up_exti.o ABSOLUTE
    ..\src\UpLib\UP_Globle.c                 0x00000000   Number         0  up_globle.o ABSOLUTE
    ..\src\UpLib\UP_IOout.c                  0x00000000   Number         0  up_ioout.o ABSOLUTE
    ..\src\UpLib\UP_Key.c                    0x00000000   Number         0  up_key.o ABSOLUTE
    ..\src\UpLib\UP_LCD.c                    0x00000000   Number         0  up_lcd.o ABSOLUTE
    ..\src\UpLib\UP_MP3.c                    0x00000000   Number         0  up_mp3.o ABSOLUTE
    ..\src\UpLib\UP_NVIC.c                   0x00000000   Number         0  up_nvic.o ABSOLUTE
    ..\src\UpLib\UP_PWM.c                    0x00000000   Number         0  up_pwm.o ABSOLUTE
    ..\src\UpLib\UP_RFID.c                   0x00000000   Number         0  up_rfid.o ABSOLUTE
    ..\src\UpLib\UP_System.c                 0x00000000   Number         0  up_system.o ABSOLUTE
    ..\src\UpLib\UP_Timer.c                  0x00000000   Number         0  up_timer.o ABSOLUTE
    ..\src\UpLib\UP_UART.c                   0x00000000   Number         0  up_uart.o ABSOLUTE
    ..\src\UpLib\UP_UART_Parse.c             0x00000000   Number         0  up_uart_parse.o ABSOLUTE
    ..\src\UpLib\UP_USR232.c                 0x00000000   Number         0  up_usr232.o ABSOLUTE
    ..\src\UpLib\UP_VGA.c                    0x00000000   Number         0  up_vga.o ABSOLUTE
    ..\src\UpLib\UP_Variable.c               0x00000000   Number         0  up_variable.o ABSOLUTE
    ..\src\UpLib\UP_Woody_ImageRecognition.c 0x00000000   Number         0  up_woody_imagerecognition.o ABSOLUTE
    ..\src\UpLib\UP_Woody_SpeechRecognition.c 0x00000000   Number         0  up_woody_speechrecognition.o ABSOLUTE
    ..\src\UpLib\UP_Woody_VoicePlaying.c     0x00000000   Number         0  up_woody_voiceplaying.o ABSOLUTE
    ..\src\UpLib\UP_Zigbee.c                 0x00000000   Number         0  up_zigbee.o ABSOLUTE
    ..\src\UpLib\UP_it.c                     0x00000000   Number         0  up_it.o ABSOLUTE
    ..\src\main.c                            0x00000000   Number         0  main.o ABSOLUTE
    cdrcmple.s                               0x00000000   Number         0  cdrcmple.o ABSOLUTE
    dc.s                                     0x00000000   Number         0  dc.o ABSOLUTE
    handlers.s                               0x00000000   Number         0  handlers.o ABSOLUTE
    init.s                                   0x00000000   Number         0  init.o ABSOLUTE
    RESET                                    0x0800b000   Section      304  startup_stm32f10x_hd.o(RESET)
    .ARM.Collect$$$$00000000                 0x0800b130   Section        0  entry.o(.ARM.Collect$$$$00000000)
    .ARM.Collect$$$$00000001                 0x0800b130   Section        4  entry2.o(.ARM.Collect$$$$00000001)
    .ARM.Collect$$$$00000004                 0x0800b134   Section        4  entry5.o(.ARM.Collect$$$$00000004)
    .ARM.Collect$$$$00000008                 0x0800b138   Section        0  entry7b.o(.ARM.Collect$$$$00000008)
    .ARM.Collect$$$$0000000A                 0x0800b138   Section        0  entry8b.o(.ARM.Collect$$$$0000000A)
    .ARM.Collect$$$$0000000B                 0x0800b138   Section        8  entry9a.o(.ARM.Collect$$$$0000000B)
    .ARM.Collect$$$$0000000D                 0x0800b140   Section        0  entry10a.o(.ARM.Collect$$$$0000000D)
    .ARM.Collect$$$$0000000F                 0x0800b140   Section        0  entry11a.o(.ARM.Collect$$$$0000000F)
    .ARM.Collect$$$$00002712                 0x0800b140   Section        4  entry2.o(.ARM.Collect$$$$00002712)
    __lit__00000000                          0x0800b140   Data           4  entry2.o(.ARM.Collect$$$$00002712)
    .text                                    0x0800b144   Section       36  startup_stm32f10x_hd.o(.text)
    .text                                    0x0800b168   Section        0  fdiv.o(.text)
    .text                                    0x0800b1e4   Section        0  fflti.o(.text)
    .text                                    0x0800b1f6   Section        0  ffixi.o(.text)
    .text                                    0x0800b228   Section        0  iusefp.o(.text)
    .text                                    0x0800b228   Section        0  fepilogue.o(.text)
    .text                                    0x0800b298   Section       36  init.o(.text)
    i.ADC_Cmd                                0x0800b2bc   Section        0  stm32f10x_adc.o(i.ADC_Cmd)
    i.ADC_DMACmd                             0x0800b2d0   Section        0  stm32f10x_adc.o(i.ADC_DMACmd)
    i.ADC_GetCalibrationStatus               0x0800b2e4   Section        0  stm32f10x_adc.o(i.ADC_GetCalibrationStatus)
    i.ADC_GetResetCalibrationStatus          0x0800b2f2   Section        0  stm32f10x_adc.o(i.ADC_GetResetCalibrationStatus)
    i.ADC_Init                               0x0800b300   Section        0  stm32f10x_adc.o(i.ADC_Init)
    i.ADC_RegularChannelConfig               0x0800b348   Section        0  stm32f10x_adc.o(i.ADC_RegularChannelConfig)
    i.ADC_ResetCalibration                   0x0800b3bc   Section        0  stm32f10x_adc.o(i.ADC_ResetCalibration)
    i.ADC_SoftwareStartConvCmd               0x0800b3c6   Section        0  stm32f10x_adc.o(i.ADC_SoftwareStartConvCmd)
    i.ADC_StartCalibration                   0x0800b3da   Section        0  stm32f10x_adc.o(i.ADC_StartCalibration)
    i.CDS_UARTHadler                         0x0800b3e4   Section        0  up_vga.o(i.CDS_UARTHadler)
    i.CheckCDSSend                           0x0800b478   Section        0  up_uart.o(i.CheckCDSSend)
    i.DMA1_Channel1_IRQHandler               0x0800b4cc   Section        0  up_it.o(i.DMA1_Channel1_IRQHandler)
    i.DMA1_Channel2_IRQHandler               0x0800b4e4   Section        0  up_it.o(i.DMA1_Channel2_IRQHandler)
    i.DMA_ClearITPendingBit                  0x0800b514   Section        0  stm32f10x_dma.o(i.DMA_ClearITPendingBit)
    i.DMA_Cmd                                0x0800b52c   Section        0  stm32f10x_dma.o(i.DMA_Cmd)
    i.DMA_DeInit                             0x0800b544   Section        0  stm32f10x_dma.o(i.DMA_DeInit)
    i.DMA_GetITStatus                        0x0800b628   Section        0  stm32f10x_dma.o(i.DMA_GetITStatus)
    i.DMA_ITConfig                           0x0800b648   Section        0  stm32f10x_dma.o(i.DMA_ITConfig)
    i.DMA_Init                               0x0800b658   Section        0  stm32f10x_dma.o(i.DMA_Init)
    i.Delay_ms                               0x0800b692   Section        0  up_lcd.o(i.Delay_ms)
    i.Delay_us                               0x0800b6ac   Section        0  up_lcd.o(i.Delay_us)
    i.EXTI0_IRQHandler                       0x0800b6c2   Section        0  up_it.o(i.EXTI0_IRQHandler)
    i.EXTI15_10_IRQHandler                   0x0800b6c8   Section        0  up_it.o(i.EXTI15_10_IRQHandler)
    i.EXTI1_IRQHandler                       0x0800b716   Section        0  up_it.o(i.EXTI1_IRQHandler)
    i.EXTI2_IRQHandler                       0x0800b71c   Section        0  up_it.o(i.EXTI2_IRQHandler)
    i.EXTI3_IRQHandler                       0x0800b722   Section        0  up_it.o(i.EXTI3_IRQHandler)
    i.EXTI4_IRQHandler                       0x0800b728   Section        0  up_it.o(i.EXTI4_IRQHandler)
    i.EXTI9_5_IRQHandler                     0x0800b72e   Section        0  up_it.o(i.EXTI9_5_IRQHandler)
    i.EXTI_GetITStatus                       0x0800b778   Section        0  stm32f10x_exti.o(i.EXTI_GetITStatus)
    i.EXTI_IRQHandler                        0x0800b798   Section        0  up_it.o(i.EXTI_IRQHandler)
    i.Edge                                   0x0800b7b4   Section        0  main.o(i.Edge)
    i.Enemy                                  0x0800b82c   Section        0  main.o(i.Enemy)
    i.Fence                                  0x0800b8e4   Section        0  main.o(i.Fence)
    i.GPIO_EXTILineConfig                    0x0800b994   Section        0  stm32f10x_gpio.o(i.GPIO_EXTILineConfig)
    i.GPIO_Init                              0x0800b9bc   Section        0  stm32f10x_gpio.o(i.GPIO_Init)
    i.GPIO_PinRemapConfig                    0x0800ba60   Section        0  stm32f10x_gpio.o(i.GPIO_PinRemapConfig)
    i.GPIO_ResetBits                         0x0800bab8   Section        0  stm32f10x_gpio.o(i.GPIO_ResetBits)
    i.LCD_WriteCmd                           0x0800babc   Section        0  up_lcd.o(i.LCD_WriteCmd)
    i.LCD_WriteData                          0x0800bb18   Section        0  up_lcd.o(i.LCD_WriteData)
    i.Lcds_Config                            0x0800bb64   Section        0  up_lcd.o(i.Lcds_Config)
    i.NVIC_Init                              0x0800bbb4   Section        0  misc.o(i.NVIC_Init)
    i.NVIC_PriorityGroupConfig               0x0800bc18   Section        0  misc.o(i.NVIC_PriorityGroupConfig)
    i.NVIC_SetVectorTable                    0x0800bc2c   Section        0  misc.o(i.NVIC_SetVectorTable)
    i.RCC_AHBPeriphClockCmd                  0x0800bc40   Section        0  stm32f10x_rcc.o(i.RCC_AHBPeriphClockCmd)
    i.RCC_APB1PeriphClockCmd                 0x0800bc58   Section        0  stm32f10x_rcc.o(i.RCC_APB1PeriphClockCmd)
    i.RCC_APB1PeriphResetCmd                 0x0800bc70   Section        0  stm32f10x_rcc.o(i.RCC_APB1PeriphResetCmd)
    i.RCC_APB2PeriphClockCmd                 0x0800bc88   Section        0  stm32f10x_rcc.o(i.RCC_APB2PeriphClockCmd)
    i.RCC_APB2PeriphResetCmd                 0x0800bca0   Section        0  stm32f10x_rcc.o(i.RCC_APB2PeriphResetCmd)
    i.RCC_GetClocksFreq                      0x0800bcb8   Section        0  stm32f10x_rcc.o(i.RCC_GetClocksFreq)
    i.SPIByte                                0x0800bd48   Section        0  up_lcd.o(i.SPIByte)
    i.SetSysClockTo72                        0x0800bd84   Section        0  system_stm32f10x.o(i.SetSysClockTo72)
    SetSysClockTo72                          0x0800bd85   Thumb Code   160  system_stm32f10x.o(i.SetSysClockTo72)
    i.Stage                                  0x0800be2c   Section        0  main.o(i.Stage)
    i.SysTick_Handler                        0x0800be70   Section        0  up_it.o(i.SysTick_Handler)
    i.SystemInit                             0x0800be74   Section        0  system_stm32f10x.o(i.SystemInit)
    i.TIM3_IRQHandler                        0x0800bec4   Section        0  up_it.o(i.TIM3_IRQHandler)
    i.TIM_ClearITPendingBit                  0x0800bec8   Section        0  stm32f10x_tim.o(i.TIM_ClearITPendingBit)
    i.TIM_Cmd                                0x0800bece   Section        0  stm32f10x_tim.o(i.TIM_Cmd)
    i.TIM_CtrlPWMOutputs                     0x0800bee2   Section        0  stm32f10x_tim.o(i.TIM_CtrlPWMOutputs)
    i.TIM_DeInit                             0x0800bef8   Section        0  stm32f10x_tim.o(i.TIM_DeInit)
    i.TIM_GetITStatus                        0x0800c068   Section        0  stm32f10x_tim.o(i.TIM_GetITStatus)
    i.TIM_ITConfig                           0x0800c080   Section        0  stm32f10x_tim.o(i.TIM_ITConfig)
    i.TIM_OC1Init                            0x0800c090   Section        0  stm32f10x_tim.o(i.TIM_OC1Init)
    i.TIM_OC2Init                            0x0800c110   Section        0  stm32f10x_tim.o(i.TIM_OC2Init)
    i.TIM_OC3Init                            0x0800c190   Section        0  stm32f10x_tim.o(i.TIM_OC3Init)
    i.TIM_OC4Init                            0x0800c20c   Section        0  stm32f10x_tim.o(i.TIM_OC4Init)
    i.TIM_TimeBaseInit                       0x0800c270   Section        0  stm32f10x_tim.o(i.TIM_TimeBaseInit)
    i.TimerHadler0                           0x0800c30c   Section        0  main.o(i.TimerHadler0)
    i.UART4_IRQHandler                       0x0800c338   Section        0  up_it.o(i.UART4_IRQHandler)
    i.UART5_IRQHandler                       0x0800c390   Section        0  up_it.o(i.UART5_IRQHandler)
    i.UP_ADC_DMAConfiguration                0x0800c3e8   Section        0  up_adc.o(i.UP_ADC_DMAConfiguration)
    i.UP_ADC_GetIO                           0x0800c444   Section        0  up_adc.o(i.UP_ADC_GetIO)
    i.UP_ADC_GetValue                        0x0800c45c   Section        0  up_adc.o(i.UP_ADC_GetValue)
    i.UP_ADC_Init                            0x0800c470   Section        0  up_adc.o(i.UP_ADC_Init)
    i.UP_Bluetooth_Init                      0x0800c5f8   Section        0  up_bluetooth.o(i.UP_Bluetooth_Init)
    i.UP_CDS_SetAngle                        0x0800c630   Section        0  up_cds5500.o(i.UP_CDS_SetAngle)
    i.UP_CDS_SetMode                         0x0800c664   Section        0  up_cds5500.o(i.UP_CDS_SetMode)
    i.UP_CDS_SetSpeed                        0x0800c6b4   Section        0  up_cds5500.o(i.UP_CDS_SetSpeed)
    i.UP_Exti_Init                           0x0800c6fc   Section        0  up_exti.o(i.UP_Exti_Init)
    i.UP_IOout_AllLow                        0x0800c830   Section        0  up_ioout.o(i.UP_IOout_AllLow)
    i.UP_IOout_GPIOInit                      0x0800c858   Section        0  up_ioout.o(i.UP_IOout_GPIOInit)
    i.UP_IOout_Init                          0x0800c8b8   Section        0  up_ioout.o(i.UP_IOout_Init)
    i.UP_Key_Init                            0x0800c8bc   Section        0  up_key.o(i.UP_Key_Init)
    i.UP_LCD_ClearScreen                     0x0800c914   Section        0  up_lcd.o(i.UP_LCD_ClearScreen)
    i.UP_LCD_Fill                            0x0800c92c   Section        0  up_lcd.o(i.UP_LCD_Fill)
    i.UP_LCD_Init                            0x0800c970   Section        0  up_lcd.o(i.UP_LCD_Init)
    i.UP_LCD_ShowInt                         0x0800ca70   Section        0  up_lcd.o(i.UP_LCD_ShowInt)
    i.UP_LCD_ShowString                      0x0800cadc   Section        0  up_lcd.o(i.UP_LCD_ShowString)
    i.UP_LCD_Turn                            0x0800cb2e   Section        0  up_lcd.o(i.UP_LCD_Turn)
    i.UP_NVIC_Configuration                  0x0800cb3c   Section        0  up_nvic.o(i.UP_NVIC_Configuration)
    i.UP_PWM_Init                            0x0800cce0   Section        0  up_pwm.o(i.UP_PWM_Init)
    i.UP_System_Init                         0x0800cd8c   Section        0  up_system.o(i.UP_System_Init)
    i.UP_Timer_EnableIT                      0x0800cdc0   Section        0  up_timer.o(i.UP_Timer_EnableIT)
    i.UP_Timer_Init                          0x0800cdfc   Section        0  up_timer.o(i.UP_Timer_Init)
    i.UP_Timer_Pro                           0x0800cf20   Section        0  up_timer.o(i.UP_Timer_Pro)
    i.UP_Timer_SetHadler                     0x0800d10c   Section        0  up_timer.o(i.UP_Timer_SetHadler)
    i.UP_UART_DMAConfiguration               0x0800d140   Section        0  up_uart.o(i.UP_UART_DMAConfiguration)
    i.UP_UART_Init                           0x0800d1a0   Section        0  up_uart.o(i.UP_UART_Init)
    i.UP_Uart3_SendCDSFrame                  0x0800d488   Section        0  up_uart.o(i.UP_Uart3_SendCDSFrame)
    i.UP_delay_ms                            0x0800d520   Section        0  up_globle.o(i.UP_delay_ms)
    i.UP_delay_us                            0x0800d53a   Section        0  up_globle.o(i.UP_delay_us)
    i.USART1_IRQHandler                      0x0800d550   Section        0  up_it.o(i.USART1_IRQHandler)
    i.USART3_IRQHandler                      0x0800d5a8   Section        0  up_vga.o(i.USART3_IRQHandler)
    i.USART_ClearFlag                        0x0800d5f4   Section        0  stm32f10x_usart.o(i.USART_ClearFlag)
    i.USART_ClearITPendingBit                0x0800d5fa   Section        0  stm32f10x_usart.o(i.USART_ClearITPendingBit)
    i.USART_ClockInit                        0x0800d606   Section        0  stm32f10x_usart.o(i.USART_ClockInit)
    i.USART_Cmd                              0x0800d624   Section        0  stm32f10x_usart.o(i.USART_Cmd)
    i.USART_DMACmd                           0x0800d638   Section        0  stm32f10x_usart.o(i.USART_DMACmd)
    i.USART_GetFlagStatus                    0x0800d648   Section        0  stm32f10x_usart.o(i.USART_GetFlagStatus)
    i.USART_GetITStatus                      0x0800d656   Section        0  stm32f10x_usart.o(i.USART_GetITStatus)
    i.USART_ITConfig                         0x0800d694   Section        0  stm32f10x_usart.o(i.USART_ITConfig)
    i.USART_Init                             0x0800d6c4   Section        0  stm32f10x_usart.o(i.USART_Init)
    i.USART_ReceiveData                      0x0800d770   Section        0  stm32f10x_usart.o(i.USART_ReceiveData)
    i.__scatterload_copy                     0x0800d778   Section       14  handlers.o(i.__scatterload_copy)
    i.__scatterload_null                     0x0800d786   Section        2  handlers.o(i.__scatterload_null)
    i.__scatterload_zeroinit                 0x0800d788   Section       14  handlers.o(i.__scatterload_zeroinit)
    i.main                                   0x0800d798   Section        0  main.o(i.main)
    i.move                                   0x0800d9f4   Section        0  main.o(i.move)
    .data                                    0x20000000   Section       76  main.o(.data)
    .data                                    0x2000004c   Section       20  stm32f10x_rcc.o(.data)
    ADCPrescTable                            0x2000004c   Data           4  stm32f10x_rcc.o(.data)
    APBAHBPrescTable                         0x20000050   Data          16  stm32f10x_rcc.o(.data)
    .data                                    0x20000060   Section       20  system_stm32f10x.o(.data)
    .data                                    0x20000074   Section        1  up_globle.o(.data)
    .data                                    0x20000078   Section        4  up_globle.o(.data)
    .data                                    0x2000007c   Section        4  up_globle.o(.data)
    .data                                    0x20000080   Section        1  up_globle.o(.data)
    .data                                    0x20000084   Section        4  up_globle.o(.data)
    .data                                    0x20000088   Section        4  up_globle.o(.data)
    .data                                    0x2000008c   Section        1  up_globle.o(.data)
    .data                                    0x20000090   Section        4  up_globle.o(.data)
    .data                                    0x20000094   Section        4  up_globle.o(.data)
    .data                                    0x20000098   Section        4  up_globle.o(.data)
    .data                                    0x2000009c   Section        4  up_globle.o(.data)
    .data                                    0x200000a0   Section        4  up_globle.o(.data)
    .data                                    0x200000a4   Section        4  up_globle.o(.data)
    .data                                    0x200000a8   Section        4  up_globle.o(.data)
    .data                                    0x200000ac   Section        4  up_globle.o(.data)
    .data                                    0x200000b0   Section        4  up_globle.o(.data)
    .data                                    0x200000b4   Section        3  up_lcd.o(.data)
    s_bClearScreen                           0x200000b6   Data           1  up_lcd.o(.data)
    .data                                    0x200000b7   Section        2  up_uart.o(.data)
    .data                                    0x200000bc   Section       36  up_timer.o(.data)
    .data                                    0x200000e0   Section       57  up_vga.o(.data)
    sum                                      0x200000e3   Data           1  up_vga.o(.data)
    count                                    0x200000e4   Data           1  up_vga.o(.data)
    data_count                               0x200000e5   Data           1  up_vga.o(.data)
    Count                                    0x20000104   Data           4  up_vga.o(.data)
    Count2                                   0x20000108   Data           4  up_vga.o(.data)
    Count3                                   0x2000010c   Data           4  up_vga.o(.data)
    .bss                                     0x2000011c   Section       32  up_adc.o(.bss)
    .bss                                     0x2000013c   Section      420  up_uart.o(.bss)
    .bss                                     0x200002e0   Section       16  up_timer.o(.bss)
    .bss                                     0x200002f0   Section       16  up_pwm.o(.bss)
    STACK                                    0x20000300   Section     1024  startup_stm32f10x_hd.o(STACK)

    Global Symbols

    Symbol Name                              Value     Ov Type        Size  Object(Section)

    BuildAttributes$$THM_ISAv4$P$D$K$B$S$PE$A:L22UL41UL21$X:L11$S22US41US21$IEEE1$IW$USESV6$~STKCKD$USESV7$~SHL$OTIME$ROPI$EBA8$MICROLIB$REQ8$PRES8$EABIv2 0x00000000   Number         0  anon$$obj.o ABSOLUTE
    __ARM_use_no_argv                        0x00000000   Number         0  main.o ABSOLUTE
    _printf_a                                0x00000000   Number         0  stubs.o ABSOLUTE
    _printf_c                                0x00000000   Number         0  stubs.o ABSOLUTE
    _printf_charcount                        0x00000000   Number         0  stubs.o ABSOLUTE
    _printf_d                                0x00000000   Number         0  stubs.o ABSOLUTE
    _printf_e                                0x00000000   Number         0  stubs.o ABSOLUTE
    _printf_f                                0x00000000   Number         0  stubs.o ABSOLUTE
    _printf_flags                            0x00000000   Number         0  stubs.o ABSOLUTE
    _printf_fp_dec                           0x00000000   Number         0  stubs.o ABSOLUTE
    _printf_fp_hex                           0x00000000   Number         0  stubs.o ABSOLUTE
    _printf_g                                0x00000000   Number         0  stubs.o ABSOLUTE
    _printf_i                                0x00000000   Number         0  stubs.o ABSOLUTE
    _printf_int_dec                          0x00000000   Number         0  stubs.o ABSOLUTE
    _printf_l                                0x00000000   Number         0  stubs.o ABSOLUTE
    _printf_lc                               0x00000000   Number         0  stubs.o ABSOLUTE
    _printf_ll                               0x00000000   Number         0  stubs.o ABSOLUTE
    _printf_lld                              0x00000000   Number         0  stubs.o ABSOLUTE
    _printf_lli                              0x00000000   Number         0  stubs.o ABSOLUTE
    _printf_llo                              0x00000000   Number         0  stubs.o ABSOLUTE
    _printf_llu                              0x00000000   Number         0  stubs.o ABSOLUTE
    _printf_llx                              0x00000000   Number         0  stubs.o ABSOLUTE
    _printf_longlong_dec                     0x00000000   Number         0  stubs.o ABSOLUTE
    _printf_longlong_hex                     0x00000000   Number         0  stubs.o ABSOLUTE
    _printf_longlong_oct                     0x00000000   Number         0  stubs.o ABSOLUTE
    _printf_ls                               0x00000000   Number         0  stubs.o ABSOLUTE
    _printf_mbtowc                           0x00000000   Number         0  stubs.o ABSOLUTE
    _printf_n                                0x00000000   Number         0  stubs.o ABSOLUTE
    _printf_o                                0x00000000   Number         0  stubs.o ABSOLUTE
    _printf_p                                0x00000000   Number         0  stubs.o ABSOLUTE
    _printf_percent                          0x00000000   Number         0  stubs.o ABSOLUTE
    _printf_pre_padding                      0x00000000   Number         0  stubs.o ABSOLUTE
    _printf_return_value                     0x00000000   Number         0  stubs.o ABSOLUTE
    _printf_s                                0x00000000   Number         0  stubs.o ABSOLUTE
    _printf_sizespec                         0x00000000   Number         0  stubs.o ABSOLUTE
    _printf_str                              0x00000000   Number         0  stubs.o ABSOLUTE
    _printf_truncate_signed                  0x00000000   Number         0  stubs.o ABSOLUTE
    _printf_truncate_unsigned                0x00000000   Number         0  stubs.o ABSOLUTE
    _printf_u                                0x00000000   Number         0  stubs.o ABSOLUTE
    _printf_wc                               0x00000000   Number         0  stubs.o ABSOLUTE
    _printf_wctomb                           0x00000000   Number         0  stubs.o ABSOLUTE
    _printf_widthprec                        0x00000000   Number         0  stubs.o ABSOLUTE
    _printf_x                                0x00000000   Number         0  stubs.o ABSOLUTE
    __cpp_initialize__aeabi_                  - Undefined Weak Reference
    __cxa_finalize                            - Undefined Weak Reference
    __decompress                              - Undefined Weak Reference
    _clock_init                               - Undefined Weak Reference
    _microlib_exit                            - Undefined Weak Reference
    __Vectors_Size                           0x00000130   Number         0  startup_stm32f10x_hd.o ABSOLUTE
    __Vectors                                0x0800b000   Data           4  startup_stm32f10x_hd.o(RESET)
    __Vectors_End                            0x0800b130   Data           0  startup_stm32f10x_hd.o(RESET)
    __main                                   0x0800b131   Thumb Code     0  entry.o(.ARM.Collect$$$$00000000)
    _main_stk                                0x0800b131   Thumb Code     0  entry2.o(.ARM.Collect$$$$00000001)
    _main_scatterload                        0x0800b135   Thumb Code     0  entry5.o(.ARM.Collect$$$$00000004)
    __main_after_scatterload                 0x0800b139   Thumb Code     0  entry5.o(.ARM.Collect$$$$00000004)
    _main_clock                              0x0800b139   Thumb Code     0  entry7b.o(.ARM.Collect$$$$00000008)
    _main_cpp_init                           0x0800b139   Thumb Code     0  entry8b.o(.ARM.Collect$$$$0000000A)
    _main_init                               0x0800b139   Thumb Code     0  entry9a.o(.ARM.Collect$$$$0000000B)
    __rt_final_cpp                           0x0800b141   Thumb Code     0  entry10a.o(.ARM.Collect$$$$0000000D)
    __rt_final_exit                          0x0800b141   Thumb Code     0  entry11a.o(.ARM.Collect$$$$0000000F)
    Reset_Handler                            0x0800b145   Thumb Code     8  startup_stm32f10x_hd.o(.text)
    NMI_Handler                              0x0800b14d   Thumb Code     2  startup_stm32f10x_hd.o(.text)
    HardFault_Handler                        0x0800b14f   Thumb Code     2  startup_stm32f10x_hd.o(.text)
    MemManage_Handler                        0x0800b151   Thumb Code     2  startup_stm32f10x_hd.o(.text)
    BusFault_Handler                         0x0800b153   Thumb Code     2  startup_stm32f10x_hd.o(.text)
    UsageFault_Handler                       0x0800b155   Thumb Code     2  startup_stm32f10x_hd.o(.text)
    SVC_Handler                              0x0800b157   Thumb Code     2  startup_stm32f10x_hd.o(.text)
    DebugMon_Handler                         0x0800b159   Thumb Code     2  startup_stm32f10x_hd.o(.text)
    PendSV_Handler                           0x0800b15b   Thumb Code     2  startup_stm32f10x_hd.o(.text)
    ADC1_2_IRQHandler                        0x0800b15f   Thumb Code     0  startup_stm32f10x_hd.o(.text)
    ADC3_IRQHandler                          0x0800b15f   Thumb Code     0  startup_stm32f10x_hd.o(.text)
    CAN1_RX1_IRQHandler                      0x0800b15f   Thumb Code     0  startup_stm32f10x_hd.o(.text)
    CAN1_SCE_IRQHandler                      0x0800b15f   Thumb Code     0  startup_stm32f10x_hd.o(.text)
    DMA1_Channel3_IRQHandler                 0x0800b15f   Thumb Code     0  startup_stm32f10x_hd.o(.text)
    DMA1_Channel4_IRQHandler                 0x0800b15f   Thumb Code     0  startup_stm32f10x_hd.o(.text)
    DMA1_Channel5_IRQHandler                 0x0800b15f   Thumb Code     0  startup_stm32f10x_hd.o(.text)
    DMA1_Channel6_IRQHandler                 0x0800b15f   Thumb Code     0  startup_stm32f10x_hd.o(.text)
    DMA1_Channel7_IRQHandler                 0x0800b15f   Thumb Code     0  startup_stm32f10x_hd.o(.text)
    DMA2_Channel1_IRQHandler                 0x0800b15f   Thumb Code     0  startup_stm32f10x_hd.o(.text)
    DMA2_Channel2_IRQHandler                 0x0800b15f   Thumb Code     0  startup_stm32f10x_hd.o(.text)
    DMA2_Channel3_IRQHandler                 0x0800b15f   Thumb Code     0  startup_stm32f10x_hd.o(.text)
    DMA2_Channel4_5_IRQHandler               0x0800b15f   Thumb Code     0  startup_stm32f10x_hd.o(.text)
    FLASH_IRQHandler                         0x0800b15f   Thumb Code     0  startup_stm32f10x_hd.o(.text)
    FSMC_IRQHandler                          0x0800b15f   Thumb Code     0  startup_stm32f10x_hd.o(.text)
    I2C1_ER_IRQHandler                       0x0800b15f   Thumb Code     0  startup_stm32f10x_hd.o(.text)
    I2C1_EV_IRQHandler                       0x0800b15f   Thumb Code     0  startup_stm32f10x_hd.o(.text)
    I2C2_ER_IRQHandler                       0x0800b15f   Thumb Code     0  startup_stm32f10x_hd.o(.text)
    I2C2_EV_IRQHandler                       0x0800b15f   Thumb Code     0  startup_stm32f10x_hd.o(.text)
    PVD_IRQHandler                           0x0800b15f   Thumb Code     0  startup_stm32f10x_hd.o(.text)
    RCC_IRQHandler                           0x0800b15f   Thumb Code     0  startup_stm32f10x_hd.o(.text)
    RTCAlarm_IRQHandler                      0x0800b15f   Thumb Code     0  startup_stm32f10x_hd.o(.text)
    RTC_IRQHandler                           0x0800b15f   Thumb Code     0  startup_stm32f10x_hd.o(.text)
    SDIO_IRQHandler                          0x0800b15f   Thumb Code     0  startup_stm32f10x_hd.o(.text)
    SPI1_IRQHandler                          0x0800b15f   Thumb Code     0  startup_stm32f10x_hd.o(.text)
    SPI2_IRQHandler                          0x0800b15f   Thumb Code     0  startup_stm32f10x_hd.o(.text)
    SPI3_IRQHandler                          0x0800b15f   Thumb Code     0  startup_stm32f10x_hd.o(.text)
    TAMPER_IRQHandler                        0x0800b15f   Thumb Code     0  startup_stm32f10x_hd.o(.text)
    TIM1_BRK_IRQHandler                      0x0800b15f   Thumb Code     0  startup_stm32f10x_hd.o(.text)
    TIM1_CC_IRQHandler                       0x0800b15f   Thumb Code     0  startup_stm32f10x_hd.o(.text)
    TIM1_TRG_COM_IRQHandler                  0x0800b15f   Thumb Code     0  startup_stm32f10x_hd.o(.text)
    TIM1_UP_IRQHandler                       0x0800b15f   Thumb Code     0  startup_stm32f10x_hd.o(.text)
    TIM2_IRQHandler                          0x0800b15f   Thumb Code     0  startup_stm32f10x_hd.o(.text)
    TIM4_IRQHandler                          0x0800b15f   Thumb Code     0  startup_stm32f10x_hd.o(.text)
    TIM5_IRQHandler                          0x0800b15f   Thumb Code     0  startup_stm32f10x_hd.o(.text)
    TIM6_IRQHandler                          0x0800b15f   Thumb Code     0  startup_stm32f10x_hd.o(.text)
    TIM7_IRQHandler                          0x0800b15f   Thumb Code     0  startup_stm32f10x_hd.o(.text)
    TIM8_BRK_IRQHandler                      0x0800b15f   Thumb Code     0  startup_stm32f10x_hd.o(.text)
    TIM8_CC_IRQHandler                       0x0800b15f   Thumb Code     0  startup_stm32f10x_hd.o(.text)
    TIM8_TRG_COM_IRQHandler                  0x0800b15f   Thumb Code     0  startup_stm32f10x_hd.o(.text)
    TIM8_UP_IRQHandler                       0x0800b15f   Thumb Code     0  startup_stm32f10x_hd.o(.text)
    USART2_IRQHandler                        0x0800b15f   Thumb Code     0  startup_stm32f10x_hd.o(.text)
    USBWakeUp_IRQHandler                     0x0800b15f   Thumb Code     0  startup_stm32f10x_hd.o(.text)
    USB_HP_CAN1_TX_IRQHandler                0x0800b15f   Thumb Code     0  startup_stm32f10x_hd.o(.text)
    USB_LP_CAN1_RX0_IRQHandler               0x0800b15f   Thumb Code     0  startup_stm32f10x_hd.o(.text)
    WWDG_IRQHandler                          0x0800b15f   Thumb Code     0  startup_stm32f10x_hd.o(.text)
    __aeabi_fdiv                             0x0800b169   Thumb Code   124  fdiv.o(.text)
    __aeabi_i2f                              0x0800b1e5   Thumb Code    18  fflti.o(.text)
    __aeabi_f2iz                             0x0800b1f7   Thumb Code    50  ffixi.o(.text)
    __I$use$fp                               0x0800b229   Thumb Code     0  iusefp.o(.text)
    _float_round                             0x0800b229   Thumb Code    18  fepilogue.o(.text)
    _float_epilogue                          0x0800b23b   Thumb Code    92  fepilogue.o(.text)
    __scatterload                            0x0800b299   Thumb Code    28  init.o(.text)
    __scatterload_rt2                        0x0800b299   Thumb Code     0  init.o(.text)
    ADC_Cmd                                  0x0800b2bd   Thumb Code    20  stm32f10x_adc.o(i.ADC_Cmd)
    ADC_DMACmd                               0x0800b2d1   Thumb Code    20  stm32f10x_adc.o(i.ADC_DMACmd)
    ADC_GetCalibrationStatus                 0x0800b2e5   Thumb Code    14  stm32f10x_adc.o(i.ADC_GetCalibrationStatus)
    ADC_GetResetCalibrationStatus            0x0800b2f3   Thumb Code    14  stm32f10x_adc.o(i.ADC_GetResetCalibrationStatus)
    ADC_Init                                 0x0800b301   Thumb Code    62  stm32f10x_adc.o(i.ADC_Init)
    ADC_RegularChannelConfig                 0x0800b349   Thumb Code   116  stm32f10x_adc.o(i.ADC_RegularChannelConfig)
    ADC_ResetCalibration                     0x0800b3bd   Thumb Code    10  stm32f10x_adc.o(i.ADC_ResetCalibration)
    ADC_SoftwareStartConvCmd                 0x0800b3c7   Thumb Code    20  stm32f10x_adc.o(i.ADC_SoftwareStartConvCmd)
    ADC_StartCalibration                     0x0800b3db   Thumb Code    10  stm32f10x_adc.o(i.ADC_StartCalibration)
    CDS_UARTHadler                           0x0800b3e5   Thumb Code   144  up_vga.o(i.CDS_UARTHadler)
    CheckCDSSend                             0x0800b479   Thumb Code    68  up_uart.o(i.CheckCDSSend)
    DMA1_Channel1_IRQHandler                 0x0800b4cd   Thumb Code    24  up_it.o(i.DMA1_Channel1_IRQHandler)
    DMA1_Channel2_IRQHandler                 0x0800b4e5   Thumb Code    40  up_it.o(i.DMA1_Channel2_IRQHandler)
    DMA_ClearITPendingBit                    0x0800b515   Thumb Code    16  stm32f10x_dma.o(i.DMA_ClearITPendingBit)
    DMA_Cmd                                  0x0800b52d   Thumb Code    22  stm32f10x_dma.o(i.DMA_Cmd)
    DMA_DeInit                               0x0800b545   Thumb Code   218  stm32f10x_dma.o(i.DMA_DeInit)
    DMA_GetITStatus                          0x0800b629   Thumb Code    24  stm32f10x_dma.o(i.DMA_GetITStatus)
    DMA_ITConfig                             0x0800b649   Thumb Code    16  stm32f10x_dma.o(i.DMA_ITConfig)
    DMA_Init                                 0x0800b659   Thumb Code    58  stm32f10x_dma.o(i.DMA_Init)
    Delay_ms                                 0x0800b693   Thumb Code    26  up_lcd.o(i.Delay_ms)
    Delay_us                                 0x0800b6ad   Thumb Code    22  up_lcd.o(i.Delay_us)
    EXTI0_IRQHandler                         0x0800b6c3   Thumb Code     6  up_it.o(i.EXTI0_IRQHandler)
    EXTI15_10_IRQHandler                     0x0800b6c9   Thumb Code    78  up_it.o(i.EXTI15_10_IRQHandler)
    EXTI1_IRQHandler                         0x0800b717   Thumb Code     6  up_it.o(i.EXTI1_IRQHandler)
    EXTI2_IRQHandler                         0x0800b71d   Thumb Code     6  up_it.o(i.EXTI2_IRQHandler)
    EXTI3_IRQHandler                         0x0800b723   Thumb Code     6  up_it.o(i.EXTI3_IRQHandler)
    EXTI4_IRQHandler                         0x0800b729   Thumb Code     6  up_it.o(i.EXTI4_IRQHandler)
    EXTI9_5_IRQHandler                       0x0800b72f   Thumb Code    74  up_it.o(i.EXTI9_5_IRQHandler)
    EXTI_GetITStatus                         0x0800b779   Thumb Code    28  stm32f10x_exti.o(i.EXTI_GetITStatus)
    EXTI_IRQHandler                          0x0800b799   Thumb Code    20  up_it.o(i.EXTI_IRQHandler)
    Edge                                     0x0800b7b5   Thumb Code   114  main.o(i.Edge)
    Enemy                                    0x0800b82d   Thumb Code   180  main.o(i.Enemy)
    Fence                                    0x0800b8e5   Thumb Code   170  main.o(i.Fence)
    GPIO_EXTILineConfig                      0x0800b995   Thumb Code    34  stm32f10x_gpio.o(i.GPIO_EXTILineConfig)
    GPIO_Init                                0x0800b9bd   Thumb Code   162  stm32f10x_gpio.o(i.GPIO_Init)
    GPIO_PinRemapConfig                      0x0800ba61   Thumb Code    82  stm32f10x_gpio.o(i.GPIO_PinRemapConfig)
    GPIO_ResetBits                           0x0800bab9   Thumb Code     4  stm32f10x_gpio.o(i.GPIO_ResetBits)
    LCD_WriteCmd                             0x0800babd   Thumb Code    88  up_lcd.o(i.LCD_WriteCmd)
    LCD_WriteData                            0x0800bb19   Thumb Code    70  up_lcd.o(i.LCD_WriteData)
    Lcds_Config                              0x0800bb65   Thumb Code    72  up_lcd.o(i.Lcds_Config)
    NVIC_Init                                0x0800bbb5   Thumb Code    94  misc.o(i.NVIC_Init)
    NVIC_PriorityGroupConfig                 0x0800bc19   Thumb Code    10  misc.o(i.NVIC_PriorityGroupConfig)
    NVIC_SetVectorTable                      0x0800bc2d   Thumb Code    12  misc.o(i.NVIC_SetVectorTable)
    RCC_AHBPeriphClockCmd                    0x0800bc41   Thumb Code    18  stm32f10x_rcc.o(i.RCC_AHBPeriphClockCmd)
    RCC_APB1PeriphClockCmd                   0x0800bc59   Thumb Code    18  stm32f10x_rcc.o(i.RCC_APB1PeriphClockCmd)
    RCC_APB1PeriphResetCmd                   0x0800bc71   Thumb Code    18  stm32f10x_rcc.o(i.RCC_APB1PeriphResetCmd)
    RCC_APB2PeriphClockCmd                   0x0800bc89   Thumb Code    18  stm32f10x_rcc.o(i.RCC_APB2PeriphClockCmd)
    RCC_APB2PeriphResetCmd                   0x0800bca1   Thumb Code    18  stm32f10x_rcc.o(i.RCC_APB2PeriphResetCmd)
    RCC_GetClocksFreq                        0x0800bcb9   Thumb Code   128  stm32f10x_rcc.o(i.RCC_GetClocksFreq)
    SPIByte                                  0x0800bd49   Thumb Code    56  up_lcd.o(i.SPIByte)
    Stage                                    0x0800be2d   Thumb Code    64  main.o(i.Stage)
    SysTick_Handler                          0x0800be71   Thumb Code     4  up_it.o(i.SysTick_Handler)
    SystemInit                               0x0800be75   Thumb Code    64  system_stm32f10x.o(i.SystemInit)
    TIM3_IRQHandler                          0x0800bec5   Thumb Code     4  up_it.o(i.TIM3_IRQHandler)
    TIM_ClearITPendingBit                    0x0800bec9   Thumb Code     6  stm32f10x_tim.o(i.TIM_ClearITPendingBit)
    TIM_Cmd                                  0x0800becf   Thumb Code    20  stm32f10x_tim.o(i.TIM_Cmd)
    TIM_CtrlPWMOutputs                       0x0800bee3   Thumb Code    22  stm32f10x_tim.o(i.TIM_CtrlPWMOutputs)
    TIM_DeInit                               0x0800bef9   Thumb Code   304  stm32f10x_tim.o(i.TIM_DeInit)
    TIM_GetITStatus                          0x0800c069   Thumb Code    24  stm32f10x_tim.o(i.TIM_GetITStatus)
    TIM_ITConfig                             0x0800c081   Thumb Code    16  stm32f10x_tim.o(i.TIM_ITConfig)
    TIM_OC1Init                              0x0800c091   Thumb Code   106  stm32f10x_tim.o(i.TIM_OC1Init)
    TIM_OC2Init                              0x0800c111   Thumb Code   120  stm32f10x_tim.o(i.TIM_OC2Init)
    TIM_OC3Init                              0x0800c191   Thumb Code   116  stm32f10x_tim.o(i.TIM_OC3Init)
    TIM_OC4Init                              0x0800c20d   Thumb Code    90  stm32f10x_tim.o(i.TIM_OC4Init)
    TIM_TimeBaseInit                         0x0800c271   Thumb Code   114  stm32f10x_tim.o(i.TIM_TimeBaseInit)
    TimerHadler0                             0x0800c30d   Thumb Code    38  main.o(i.TimerHadler0)
    UART4_IRQHandler                         0x0800c339   Thumb Code    78  up_it.o(i.UART4_IRQHandler)
    UART5_IRQHandler                         0x0800c391   Thumb Code    78  up_it.o(i.UART5_IRQHandler)
    UP_ADC_DMAConfiguration                  0x0800c3e9   Thumb Code    80  up_adc.o(i.UP_ADC_DMAConfiguration)
    UP_ADC_GetIO                             0x0800c445   Thumb Code    18  up_adc.o(i.UP_ADC_GetIO)
    UP_ADC_GetValue                          0x0800c45d   Thumb Code    16  up_adc.o(i.UP_ADC_GetValue)
    UP_ADC_Init                              0x0800c471   Thumb Code   376  up_adc.o(i.UP_ADC_Init)
    UP_Bluetooth_Init                        0x0800c5f9   Thumb Code    50  up_bluetooth.o(i.UP_Bluetooth_Init)
    UP_CDS_SetAngle                          0x0800c631   Thumb Code    52  up_cds5500.o(i.UP_CDS_SetAngle)
    UP_CDS_SetMode                           0x0800c665   Thumb Code    78  up_cds5500.o(i.UP_CDS_SetMode)
    UP_CDS_SetSpeed                          0x0800c6b5   Thumb Code    72  up_cds5500.o(i.UP_CDS_SetSpeed)
    UP_Exti_Init                             0x0800c6fd   Thumb Code   294  up_exti.o(i.UP_Exti_Init)
    UP_IOout_AllLow                          0x0800c831   Thumb Code    32  up_ioout.o(i.UP_IOout_AllLow)
    UP_IOout_GPIOInit                        0x0800c859   Thumb Code    80  up_ioout.o(i.UP_IOout_GPIOInit)
    UP_IOout_Init                            0x0800c8b9   Thumb Code     4  up_ioout.o(i.UP_IOout_Init)
    UP_Key_Init                              0x0800c8bd   Thumb Code    78  up_key.o(i.UP_Key_Init)
    UP_LCD_ClearScreen                       0x0800c915   Thumb Code    18  up_lcd.o(i.UP_LCD_ClearScreen)
    UP_LCD_Fill                              0x0800c92d   Thumb Code    66  up_lcd.o(i.UP_LCD_Fill)
    UP_LCD_Init                              0x0800c971   Thumb Code   250  up_lcd.o(i.UP_LCD_Init)
    UP_LCD_ShowInt                           0x0800ca71   Thumb Code   102  up_lcd.o(i.UP_LCD_ShowInt)
    UP_LCD_ShowString                        0x0800cadd   Thumb Code    82  up_lcd.o(i.UP_LCD_ShowString)
    UP_LCD_Turn                              0x0800cb2f   Thumb Code    14  up_lcd.o(i.UP_LCD_Turn)
    UP_NVIC_Configuration                    0x0800cb3d   Thumb Code   396  up_nvic.o(i.UP_NVIC_Configuration)
    UP_PWM_Init                              0x0800cce1   Thumb Code   158  up_pwm.o(i.UP_PWM_Init)
    UP_System_Init                           0x0800cd8d   Thumb Code    50  up_system.o(i.UP_System_Init)
    UP_Timer_EnableIT                        0x0800cdc1   Thumb Code    48  up_timer.o(i.UP_Timer_EnableIT)
    UP_Timer_Init                            0x0800cdfd   Thumb Code   278  up_timer.o(i.UP_Timer_Init)
    UP_Timer_Pro                             0x0800cf21   Thumb Code   466  up_timer.o(i.UP_Timer_Pro)
    UP_Timer_SetHadler                       0x0800d10d   Thumb Code    36  up_timer.o(i.UP_Timer_SetHadler)
    UP_UART_DMAConfiguration                 0x0800d141   Thumb Code    86  up_uart.o(i.UP_UART_DMAConfiguration)
    UP_UART_Init                             0x0800d1a1   Thumb Code   680  up_uart.o(i.UP_UART_Init)
    UP_Uart3_SendCDSFrame                    0x0800d489   Thumb Code   142  up_uart.o(i.UP_Uart3_SendCDSFrame)
    UP_delay_ms                              0x0800d521   Thumb Code    26  up_globle.o(i.UP_delay_ms)
    UP_delay_us                              0x0800d53b   Thumb Code    22  up_globle.o(i.UP_delay_us)
    USART1_IRQHandler                        0x0800d551   Thumb Code    78  up_it.o(i.USART1_IRQHandler)
    USART3_IRQHandler                        0x0800d5a9   Thumb Code    72  up_vga.o(i.USART3_IRQHandler)
    USART_ClearFlag                          0x0800d5f5   Thumb Code     6  stm32f10x_usart.o(i.USART_ClearFlag)
    USART_ClearITPendingBit                  0x0800d5fb   Thumb Code    12  stm32f10x_usart.o(i.USART_ClearITPendingBit)
    USART_ClockInit                          0x0800d607   Thumb Code    30  stm32f10x_usart.o(i.USART_ClockInit)
    USART_Cmd                                0x0800d625   Thumb Code    20  stm32f10x_usart.o(i.USART_Cmd)
    USART_DMACmd                             0x0800d639   Thumb Code    16  stm32f10x_usart.o(i.USART_DMACmd)
    USART_GetFlagStatus                      0x0800d649   Thumb Code    14  stm32f10x_usart.o(i.USART_GetFlagStatus)
    USART_GetITStatus                        0x0800d657   Thumb Code    62  stm32f10x_usart.o(i.USART_GetITStatus)
    USART_ITConfig                           0x0800d695   Thumb Code    48  stm32f10x_usart.o(i.USART_ITConfig)
    USART_Init                               0x0800d6c5   Thumb Code   166  stm32f10x_usart.o(i.USART_Init)
    USART_ReceiveData                        0x0800d771   Thumb Code     8  stm32f10x_usart.o(i.USART_ReceiveData)
    __scatterload_copy                       0x0800d779   Thumb Code    14  handlers.o(i.__scatterload_copy)
    __scatterload_null                       0x0800d787   Thumb Code     2  handlers.o(i.__scatterload_null)
    __scatterload_zeroinit                   0x0800d789   Thumb Code    14  handlers.o(i.__scatterload_zeroinit)
    main                                     0x0800d799   Thumb Code   588  main.o(i.main)
    move                                     0x0800d9f5   Thumb Code    72  main.o(i.move)
    Region$$Table$$Base                      0x0800da40   Number         0  anon$$obj.o(Region$$Table)
    Region$$Table$$Limit                     0x0800da60   Number         0  anon$$obj.o(Region$$Table)
    AD1                                      0x20000000   Data           4  main.o(.data)
    AD2                                      0x20000004   Data           4  main.o(.data)
    AD3                                      0x20000008   Data           4  main.o(.data)
    AD4                                      0x2000000c   Data           4  main.o(.data)
    AD5                                      0x20000010   Data           4  main.o(.data)
    AD6                                      0x20000014   Data           4  main.o(.data)
    AD7                                      0x20000018   Data           4  main.o(.data)
    AD8                                      0x2000001c   Data           4  main.o(.data)
    AD9                                      0x20000020   Data           4  main.o(.data)
    AD10                                     0x20000024   Data           4  main.o(.data)
    AD11                                     0x20000028   Data           4  main.o(.data)
    AD12                                     0x2000002c   Data           4  main.o(.data)
    AD13                                     0x20000030   Data           4  main.o(.data)
    nStage                                   0x20000034   Data           4  main.o(.data)
    nEdge                                    0x20000038   Data           4  main.o(.data)
    nEnemy                                   0x2000003c   Data           4  main.o(.data)
    nFence                                   0x20000040   Data           4  main.o(.data)
    left                                     0x20000044   Data           4  main.o(.data)
    right                                    0x20000048   Data           4  main.o(.data)
    SystemCoreClock                          0x20000060   Data           4  system_stm32f10x.o(.data)
    AHBPrescTable                            0x20000064   Data          16  system_stm32f10x.o(.data)
    g_UP_bBluetoothIT                        0x20000074   Data           1  up_globle.o(.data)
    g_UP_BluetoothBaudRate                   0x20000078   Data           4  up_globle.o(.data)
    g_UP_BluetoothITAddress                  0x2000007c   Data           4  up_globle.o(.data)
    g_UP_bZigbeeIT                           0x20000080   Data           1  up_globle.o(.data)
    g_UP_ZigbeeBaudRate                      0x20000084   Data           4  up_globle.o(.data)
    g_UP_ZigbeeITAddress                     0x20000088   Data           4  up_globle.o(.data)
    g_UP_bUSR232IT                           0x2000008c   Data           1  up_globle.o(.data)
    g_UP_USR232BaudRate                      0x20000090   Data           4  up_globle.o(.data)
    g_UP_USR232ITAddress                     0x20000094   Data           4  up_globle.o(.data)
    g_UP_bTimerIT                            0x20000098   Data           4  up_globle.o(.data)
    g_UP_Timer0ITAddress                     0x2000009c   Data           4  up_globle.o(.data)
    g_UP_Timer1ITAddress                     0x200000a0   Data           4  up_globle.o(.data)
    g_UP_Timer2ITAddress                     0x200000a4   Data           4  up_globle.o(.data)
    g_UP_Timer3ITAddress                     0x200000a8   Data           4  up_globle.o(.data)
    g_UP_ExtiFlag                            0x200000ac   Data           4  up_globle.o(.data)
    g_UP_ExtiITAddress                       0x200000b0   Data           4  up_globle.o(.data)
    g_LCD_X                                  0x200000b4   Data           1  up_lcd.o(.data)
    g_LCD_Y                                  0x200000b5   Data           1  up_lcd.o(.data)
    g_CDSFrames_Tail                         0x200000b7   Data           1  up_uart.o(.data)
    g_CDSFrames_Head                         0x200000b8   Data           1  up_uart.o(.data)
    g_UP_iTimerCount                         0x200000bc   Data           4  up_timer.o(.data)
    g_UP_TimerCCRVal_L16                     0x200000c0   Data           8  up_timer.o(.data)
    g_UP_TimerCCRVal_H16                     0x200000c8   Data           8  up_timer.o(.data)
    g_UP_TempCCRVal_L16                      0x200000d0   Data           8  up_timer.o(.data)
    g_UP_TempCCRVal_H16                      0x200000d8   Data           8  up_timer.o(.data)
    UP_VGA_ForwardSign                       0x200000e0   Data           1  up_vga.o(.data)
    UP_VGA_CrossSign                         0x200000e1   Data           1  up_vga.o(.data)
    UP_VGA_CrossSign2                        0x200000e2   Data           1  up_vga.o(.data)
    CDS_LEN                                  0x200000e6   Data           1  up_vga.o(.data)
    UP_VGA_TrackSign                         0x200000e7   Data           1  up_vga.o(.data)
    iLeft                                    0x200000e8   Data           1  up_vga.o(.data)
    iMid                                     0x200000e9   Data           1  up_vga.o(.data)
    iRight                                   0x200000ea   Data           1  up_vga.o(.data)
    iLeft2                                   0x200000eb   Data           1  up_vga.o(.data)
    iLeft3                                   0x200000ec   Data           1  up_vga.o(.data)
    iRight2                                  0x200000ed   Data           1  up_vga.o(.data)
    iRight3                                  0x200000ee   Data           1  up_vga.o(.data)
    UP_VGA_ProAdcChannel                     0x200000ef   Data           1  up_vga.o(.data)
    speed                                    0x200000f0   Data           2  up_vga.o(.data)
    Speed1                                   0x200000f2   Data           2  up_vga.o(.data)
    Speed2                                   0x200000f4   Data           2  up_vga.o(.data)
    Speed3                                   0x200000f6   Data           2  up_vga.o(.data)
    Speed4                                   0x200000f8   Data           2  up_vga.o(.data)
    sLast                                    0x200000fa   Data           2  up_vga.o(.data)
    spdLeft                                  0x200000fc   Data           2  up_vga.o(.data)
    spdRight                                 0x200000fe   Data           2  up_vga.o(.data)
    UP_VGA_ProDis                            0x20000100   Data           2  up_vga.o(.data)
    rec_num                                  0x20000110   Data           4  up_vga.o(.data)
    CDS_DATA                                 0x20000114   Data           5  up_vga.o(.data)
    g_ADValue                                0x2000011c   Data          32  up_adc.o(.bss)
    g_CDSFrames                              0x2000013c   Data         420  up_uart.o(.bss)
    g_UP_iTimerTime                          0x200002e0   Data          16  up_timer.o(.bss)
    g_TIM_OCInitStructure                    0x200002f0   Data          16  up_pwm.o(.bss)
    __initial_sp                             0x20000700   Data           0  startup_stm32f10x_hd.o(STACK)



==============================================================================

Memory Map of the image

  Image Entry point : 0x0800b131

  Load Region LR_IROM1 (Base: 0x0800b000, Size: 0x00002b7c, Max: 0x00040000, ABSOLUTE)

    Execution Region ER_IROM1 (Exec base: 0x0800b000, Load base: 0x0800b000, Size: 0x00002a60, Max: 0x00040000, ABSOLUTE)

    Exec Addr    Load Addr    Size         Type   Attr      Idx    E Section Name        Object

    0x0800b000   0x0800b000   0x00000130   Data   RO         1692    RESET               startup_stm32f10x_hd.o
    0x0800b130   0x0800b130   0x00000000   Code   RO         3171  * .ARM.Collect$$$$00000000  mc_w.l(entry.o)
    0x0800b130   0x0800b130   0x00000004   Code   RO         3449    .ARM.Collect$$$$00000001  mc_w.l(entry2.o)
    0x0800b134   0x0800b134   0x00000004   Code   RO         3452    .ARM.Collect$$$$00000004  mc_w.l(entry5.o)
    0x0800b138   0x0800b138   0x00000000   Code   RO         3454    .ARM.Collect$$$$00000008  mc_w.l(entry7b.o)
    0x0800b138   0x0800b138   0x00000000   Code   RO         3456    .ARM.Collect$$$$0000000A  mc_w.l(entry8b.o)
    0x0800b138   0x0800b138   0x00000008   Code   RO         3457    .ARM.Collect$$$$0000000B  mc_w.l(entry9a.o)
    0x0800b140   0x0800b140   0x00000000   Code   RO         3459    .ARM.Collect$$$$0000000D  mc_w.l(entry10a.o)
    0x0800b140   0x0800b140   0x00000000   Code   RO         3461    .ARM.Collect$$$$0000000F  mc_w.l(entry11a.o)
    0x0800b140   0x0800b140   0x00000004   Code   RO         3450    .ARM.Collect$$$$00002712  mc_w.l(entry2.o)
    0x0800b144   0x0800b144   0x00000024   Code   RO         1693    .text               startup_stm32f10x_hd.o
    0x0800b168   0x0800b168   0x0000007c   Code   RO         3435    .text               mf_w.l(fdiv.o)
    0x0800b1e4   0x0800b1e4   0x00000012   Code   RO         3439    .text               mf_w.l(fflti.o)
    0x0800b1f6   0x0800b1f6   0x00000032   Code   RO         3443    .text               mf_w.l(ffixi.o)
    0x0800b228   0x0800b228   0x00000000   Code   RO         3470    .text               mc_w.l(iusefp.o)
    0x0800b228   0x0800b228   0x0000006e   Code   RO         3471    .text               mf_w.l(fepilogue.o)
    0x0800b296   0x0800b296   0x00000002   PAD
    0x0800b298   0x0800b298   0x00000024   Code   RO         3481    .text               mc_w.l(init.o)
    0x0800b2bc   0x0800b2bc   0x00000014   Code   RO          292    i.ADC_Cmd           stm32f10x_adc.o
    0x0800b2d0   0x0800b2d0   0x00000014   Code   RO          293    i.ADC_DMACmd        stm32f10x_adc.o
    0x0800b2e4   0x0800b2e4   0x0000000e   Code   RO          300    i.ADC_GetCalibrationStatus  stm32f10x_adc.o
    0x0800b2f2   0x0800b2f2   0x0000000e   Code   RO          306    i.ADC_GetResetCalibrationStatus  stm32f10x_adc.o
    0x0800b300   0x0800b300   0x00000048   Code   RO          310    i.ADC_Init          stm32f10x_adc.o
    0x0800b348   0x0800b348   0x00000074   Code   RO          314    i.ADC_RegularChannelConfig  stm32f10x_adc.o
    0x0800b3bc   0x0800b3bc   0x0000000a   Code   RO          315    i.ADC_ResetCalibration  stm32f10x_adc.o
    0x0800b3c6   0x0800b3c6   0x00000014   Code   RO          317    i.ADC_SoftwareStartConvCmd  stm32f10x_adc.o
    0x0800b3da   0x0800b3da   0x0000000a   Code   RO          319    i.ADC_StartCalibration  stm32f10x_adc.o
    0x0800b3e4   0x0800b3e4   0x00000094   Code   RO         2680    i.CDS_UARTHadler    up_vga.o
    0x0800b478   0x0800b478   0x00000054   Code   RO         2061    i.CheckCDSSend      up_uart.o
    0x0800b4cc   0x0800b4cc   0x00000018   Code   RO         2144    i.DMA1_Channel1_IRQHandler  up_it.o
    0x0800b4e4   0x0800b4e4   0x00000030   Code   RO         2145    i.DMA1_Channel2_IRQHandler  up_it.o
    0x0800b514   0x0800b514   0x00000018   Code   RO          509    i.DMA_ClearITPendingBit  stm32f10x_dma.o
    0x0800b52c   0x0800b52c   0x00000016   Code   RO          510    i.DMA_Cmd           stm32f10x_dma.o
    0x0800b542   0x0800b542   0x00000002   PAD
    0x0800b544   0x0800b544   0x000000e4   Code   RO          511    i.DMA_DeInit        stm32f10x_dma.o
    0x0800b628   0x0800b628   0x00000020   Code   RO          514    i.DMA_GetITStatus   stm32f10x_dma.o
    0x0800b648   0x0800b648   0x00000010   Code   RO          515    i.DMA_ITConfig      stm32f10x_dma.o
    0x0800b658   0x0800b658   0x0000003a   Code   RO          516    i.DMA_Init          stm32f10x_dma.o
    0x0800b692   0x0800b692   0x0000001a   Code   RO         1935    i.Delay_ms          up_lcd.o
    0x0800b6ac   0x0800b6ac   0x00000016   Code   RO         1936    i.Delay_us          up_lcd.o
    0x0800b6c2   0x0800b6c2   0x00000006   Code   RO         2147    i.EXTI0_IRQHandler  up_it.o
    0x0800b6c8   0x0800b6c8   0x0000004e   Code   RO         2148    i.EXTI15_10_IRQHandler  up_it.o
    0x0800b716   0x0800b716   0x00000006   Code   RO         2149    i.EXTI1_IRQHandler  up_it.o
    0x0800b71c   0x0800b71c   0x00000006   Code   RO         2150    i.EXTI2_IRQHandler  up_it.o
    0x0800b722   0x0800b722   0x00000006   Code   RO         2151    i.EXTI3_IRQHandler  up_it.o
    0x0800b728   0x0800b728   0x00000006   Code   RO         2152    i.EXTI4_IRQHandler  up_it.o
    0x0800b72e   0x0800b72e   0x0000004a   Code   RO         2153    i.EXTI9_5_IRQHandler  up_it.o
    0x0800b778   0x0800b778   0x00000020   Code   RO         1641    i.EXTI_GetITStatus  stm32f10x_exti.o
    0x0800b798   0x0800b798   0x0000001c   Code   RO         2154    i.EXTI_IRQHandler   up_it.o
    0x0800b7b4   0x0800b7b4   0x00000078   Code   RO            1    i.Edge              main.o
    0x0800b82c   0x0800b82c   0x000000b8   Code   RO            2    i.Enemy             main.o
    0x0800b8e4   0x0800b8e4   0x000000b0   Code   RO            3    i.Fence             main.o
    0x0800b994   0x0800b994   0x00000028   Code   RO          583    i.GPIO_EXTILineConfig  stm32f10x_gpio.o
    0x0800b9bc   0x0800b9bc   0x000000a2   Code   RO          586    i.GPIO_Init         stm32f10x_gpio.o
    0x0800ba5e   0x0800ba5e   0x00000002   PAD
    0x0800ba60   0x0800ba60   0x00000058   Code   RO          588    i.GPIO_PinRemapConfig  stm32f10x_gpio.o
    0x0800bab8   0x0800bab8   0x00000004   Code   RO          593    i.GPIO_ResetBits    stm32f10x_gpio.o
    0x0800babc   0x0800babc   0x0000005c   Code   RO         1937    i.LCD_WriteCmd      up_lcd.o
    0x0800bb18   0x0800bb18   0x0000004c   Code   RO         1938    i.LCD_WriteData     up_lcd.o
    0x0800bb64   0x0800bb64   0x00000050   Code   RO         1939    i.Lcds_Config       up_lcd.o
    0x0800bbb4   0x0800bbb4   0x00000064   Code   RO          212    i.NVIC_Init         misc.o
    0x0800bc18   0x0800bc18   0x00000014   Code   RO          213    i.NVIC_PriorityGroupConfig  misc.o
    0x0800bc2c   0x0800bc2c   0x00000014   Code   RO          214    i.NVIC_SetVectorTable  misc.o
    0x0800bc40   0x0800bc40   0x00000018   Code   RO          695    i.RCC_AHBPeriphClockCmd  stm32f10x_rcc.o
    0x0800bc58   0x0800bc58   0x00000018   Code   RO          696    i.RCC_APB1PeriphClockCmd  stm32f10x_rcc.o
    0x0800bc70   0x0800bc70   0x00000018   Code   RO          697    i.RCC_APB1PeriphResetCmd  stm32f10x_rcc.o
    0x0800bc88   0x0800bc88   0x00000018   Code   RO          698    i.RCC_APB2PeriphClockCmd  stm32f10x_rcc.o
    0x0800bca0   0x0800bca0   0x00000018   Code   RO          699    i.RCC_APB2PeriphResetCmd  stm32f10x_rcc.o
    0x0800bcb8   0x0800bcb8   0x00000090   Code   RO          706    i.RCC_GetClocksFreq  stm32f10x_rcc.o
    0x0800bd48   0x0800bd48   0x0000003c   Code   RO         1940    i.SPIByte           up_lcd.o
    0x0800bd84   0x0800bd84   0x000000a8   Code   RO         1607    i.SetSysClockTo72   system_stm32f10x.o
    0x0800be2c   0x0800be2c   0x00000044   Code   RO            4    i.Stage             main.o
    0x0800be70   0x0800be70   0x00000004   Code   RO         2160    i.SysTick_Handler   up_it.o
    0x0800be74   0x0800be74   0x00000050   Code   RO         1609    i.SystemInit        system_stm32f10x.o
    0x0800bec4   0x0800bec4   0x00000004   Code   RO         2161    i.TIM3_IRQHandler   up_it.o
    0x0800bec8   0x0800bec8   0x00000006   Code   RO          903    i.TIM_ClearITPendingBit  stm32f10x_tim.o
    0x0800bece   0x0800bece   0x00000014   Code   RO          908    i.TIM_Cmd           stm32f10x_tim.o
    0x0800bee2   0x0800bee2   0x00000016   Code   RO          910    i.TIM_CtrlPWMOutputs  stm32f10x_tim.o
    0x0800bef8   0x0800bef8   0x00000170   Code   RO          913    i.TIM_DeInit        stm32f10x_tim.o
    0x0800c068   0x0800c068   0x00000018   Code   RO          929    i.TIM_GetITStatus   stm32f10x_tim.o
    0x0800c080   0x0800c080   0x00000010   Code   RO          933    i.TIM_ITConfig      stm32f10x_tim.o
    0x0800c090   0x0800c090   0x00000080   Code   RO          937    i.TIM_OC1Init       stm32f10x_tim.o
    0x0800c110   0x0800c110   0x00000080   Code   RO          942    i.TIM_OC2Init       stm32f10x_tim.o
    0x0800c190   0x0800c190   0x0000007c   Code   RO          947    i.TIM_OC3Init       stm32f10x_tim.o
    0x0800c20c   0x0800c20c   0x00000064   Code   RO          952    i.TIM_OC4Init       stm32f10x_tim.o
    0x0800c270   0x0800c270   0x0000009c   Code   RO          979    i.TIM_TimeBaseInit  stm32f10x_tim.o
    0x0800c30c   0x0800c30c   0x0000002c   Code   RO            5    i.TimerHadler0      main.o
    0x0800c338   0x0800c338   0x00000058   Code   RO         2162    i.UART4_IRQHandler  up_it.o
    0x0800c390   0x0800c390   0x00000058   Code   RO         2163    i.UART5_IRQHandler  up_it.o
    0x0800c3e8   0x0800c3e8   0x0000005c   Code   RO         1884    i.UP_ADC_DMAConfiguration  up_adc.o
    0x0800c444   0x0800c444   0x00000018   Code   RO         1886    i.UP_ADC_GetIO      up_adc.o
    0x0800c45c   0x0800c45c   0x00000014   Code   RO         1887    i.UP_ADC_GetValue   up_adc.o
    0x0800c470   0x0800c470   0x00000188   Code   RO         1888    i.UP_ADC_Init       up_adc.o
    0x0800c5f8   0x0800c5f8   0x00000038   Code   RO         2439    i.UP_Bluetooth_Init  up_bluetooth.o
    0x0800c630   0x0800c630   0x00000034   Code   RO         2475    i.UP_CDS_SetAngle   up_cds5500.o
    0x0800c664   0x0800c664   0x0000004e   Code   RO         2476    i.UP_CDS_SetMode    up_cds5500.o
    0x0800c6b2   0x0800c6b2   0x00000002   PAD
    0x0800c6b4   0x0800c6b4   0x00000048   Code   RO         2477    i.UP_CDS_SetSpeed   up_cds5500.o
    0x0800c6fc   0x0800c6fc   0x00000134   Code   RO         2292    i.UP_Exti_Init      up_exti.o
    0x0800c830   0x0800c830   0x00000028   Code   RO         2640    i.UP_IOout_AllLow   up_ioout.o
    0x0800c858   0x0800c858   0x00000060   Code   RO         2641    i.UP_IOout_GPIOInit  up_ioout.o
    0x0800c8b8   0x0800c8b8   0x00000004   Code   RO         2642    i.UP_IOout_Init     up_ioout.o
    0x0800c8bc   0x0800c8bc   0x00000058   Code   RO         1923    i.UP_Key_Init       up_key.o
    0x0800c914   0x0800c914   0x00000018   Code   RO         1942    i.UP_LCD_ClearScreen  up_lcd.o
    0x0800c92c   0x0800c92c   0x00000042   Code   RO         1943    i.UP_LCD_Fill       up_lcd.o
    0x0800c96e   0x0800c96e   0x00000002   PAD
    0x0800c970   0x0800c970   0x00000100   Code   RO         1944    i.UP_LCD_Init       up_lcd.o
    0x0800ca70   0x0800ca70   0x0000006c   Code   RO         1949    i.UP_LCD_ShowInt    up_lcd.o
    0x0800cadc   0x0800cadc   0x00000052   Code   RO         1952    i.UP_LCD_ShowString  up_lcd.o
    0x0800cb2e   0x0800cb2e   0x0000000e   Code   RO         1953    i.UP_LCD_Turn       up_lcd.o
    0x0800cb3c   0x0800cb3c   0x000001a4   Code   RO         2382    i.UP_NVIC_Configuration  up_nvic.o
    0x0800cce0   0x0800cce0   0x000000ac   Code   RO         2399    i.UP_PWM_Init       up_pwm.o
    0x0800cd8c   0x0800cd8c   0x00000032   Code   RO         1701    i.UP_System_Init    up_system.o
    0x0800cdbe   0x0800cdbe   0x00000002   PAD
    0x0800cdc0   0x0800cdc0   0x0000003c   Code   RO         2322    i.UP_Timer_EnableIT  up_timer.o
    0x0800cdfc   0x0800cdfc   0x00000124   Code   RO         2324    i.UP_Timer_Init     up_timer.o
    0x0800cf20   0x0800cf20   0x000001ec   Code   RO         2326    i.UP_Timer_Pro      up_timer.o
    0x0800d10c   0x0800d10c   0x00000034   Code   RO         2327    i.UP_Timer_SetHadler  up_timer.o
    0x0800d140   0x0800d140   0x00000060   Code   RO         2070    i.UP_UART_DMAConfiguration  up_uart.o
    0x0800d1a0   0x0800d1a0   0x000002e8   Code   RO         2071    i.UP_UART_Init      up_uart.o
    0x0800d488   0x0800d488   0x00000098   Code   RO         2072    i.UP_Uart3_SendCDSFrame  up_uart.o
    0x0800d520   0x0800d520   0x0000001a   Code   RO         1830    i.UP_delay_ms       up_globle.o
    0x0800d53a   0x0800d53a   0x00000016   Code   RO         1831    i.UP_delay_us       up_globle.o
    0x0800d550   0x0800d550   0x00000058   Code   RO         2164    i.USART1_IRQHandler  up_it.o
    0x0800d5a8   0x0800d5a8   0x0000004c   Code   RO         2691    i.USART3_IRQHandler  up_vga.o
    0x0800d5f4   0x0800d5f4   0x00000006   Code   RO         1427    i.USART_ClearFlag   stm32f10x_usart.o
    0x0800d5fa   0x0800d5fa   0x0000000c   Code   RO         1428    i.USART_ClearITPendingBit  stm32f10x_usart.o
    0x0800d606   0x0800d606   0x0000001e   Code   RO         1429    i.USART_ClockInit   stm32f10x_usart.o
    0x0800d624   0x0800d624   0x00000014   Code   RO         1431    i.USART_Cmd         stm32f10x_usart.o
    0x0800d638   0x0800d638   0x00000010   Code   RO         1432    i.USART_DMACmd      stm32f10x_usart.o
    0x0800d648   0x0800d648   0x0000000e   Code   RO         1434    i.USART_GetFlagStatus  stm32f10x_usart.o
    0x0800d656   0x0800d656   0x0000003e   Code   RO         1435    i.USART_GetITStatus  stm32f10x_usart.o
    0x0800d694   0x0800d694   0x00000030   Code   RO         1437    i.USART_ITConfig    stm32f10x_usart.o
    0x0800d6c4   0x0800d6c4   0x000000ac   Code   RO         1438    i.USART_Init        stm32f10x_usart.o
    0x0800d770   0x0800d770   0x00000008   Code   RO         1445    i.USART_ReceiveData  stm32f10x_usart.o
    0x0800d778   0x0800d778   0x0000000e   Code   RO         3489    i.__scatterload_copy  mc_w.l(handlers.o)
    0x0800d786   0x0800d786   0x00000002   Code   RO         3490    i.__scatterload_null  mc_w.l(handlers.o)
    0x0800d788   0x0800d788   0x0000000e   Code   RO         3491    i.__scatterload_zeroinit  mc_w.l(handlers.o)
    0x0800d796   0x0800d796   0x00000002   PAD
    0x0800d798   0x0800d798   0x0000025c   Code   RO            7    i.main              main.o
    0x0800d9f4   0x0800d9f4   0x0000004c   Code   RO            8    i.move              main.o
    0x0800da40   0x0800da40   0x00000020   Data   RO         3487    Region$$Table       anon$$obj.o


    Execution Region RW_IRAM1 (Exec base: 0x20000000, Load base: 0x0800da60, Size: 0x00000700, Max: 0x00010000, ABSOLUTE)

    Exec Addr    Load Addr    Size         Type   Attr      Idx    E Section Name        Object

    0x20000000   0x0800da60   0x0000004c   Data   RW           11    .data               main.o
    0x2000004c   0x0800daac   0x00000014   Data   RW          726    .data               stm32f10x_rcc.o
    0x20000060   0x0800dac0   0x00000014   Data   RW         1610    .data               system_stm32f10x.o
    0x20000074   0x0800dad4   0x00000001   Data   RW         1834    .data               up_globle.o
    0x20000075   0x0800dad5   0x00000003   PAD
    0x20000078   0x0800dad8   0x00000004   Data   RW         1835    .data               up_globle.o
    0x2000007c   0x0800dadc   0x00000004   Data   RW         1836    .data               up_globle.o
    0x20000080   0x0800dae0   0x00000001   Data   RW         1837    .data               up_globle.o
    0x20000081   0x0800dae1   0x00000003   PAD
    0x20000084   0x0800dae4   0x00000004   Data   RW         1838    .data               up_globle.o
    0x20000088   0x0800dae8   0x00000004   Data   RW         1839    .data               up_globle.o
    0x2000008c   0x0800daec   0x00000001   Data   RW         1840    .data               up_globle.o
    0x2000008d   0x0800daed   0x00000003   PAD
    0x20000090   0x0800daf0   0x00000004   Data   RW         1841    .data               up_globle.o
    0x20000094   0x0800daf4   0x00000004   Data   RW         1842    .data               up_globle.o
    0x20000098   0x0800daf8   0x00000004   Data   RW         1843    .data               up_globle.o
    0x2000009c   0x0800dafc   0x00000004   Data   RW         1845    .data               up_globle.o
    0x200000a0   0x0800db00   0x00000004   Data   RW         1846    .data               up_globle.o
    0x200000a4   0x0800db04   0x00000004   Data   RW         1847    .data               up_globle.o
    0x200000a8   0x0800db08   0x00000004   Data   RW         1848    .data               up_globle.o
    0x200000ac   0x0800db0c   0x00000004   Data   RW         1849    .data               up_globle.o
    0x200000b0   0x0800db10   0x00000004   Data   RW         1850    .data               up_globle.o
    0x200000b4   0x0800db14   0x00000003   Data   RW         1955    .data               up_lcd.o
    0x200000b7   0x0800db17   0x00000002   Data   RW         2074    .data               up_uart.o
    0x200000b9   0x0800db19   0x00000003   PAD
    0x200000bc   0x0800db1c   0x00000024   Data   RW         2329    .data               up_timer.o
    0x200000e0   0x0800db40   0x00000039   Data   RW         2694    .data               up_vga.o
    0x20000119   0x0800db79   0x00000003   PAD
    0x2000011c        -       0x00000020   Zero   RW         1889    .bss                up_adc.o
    0x2000013c        -       0x000001a4   Zero   RW         2073    .bss                up_uart.o
    0x200002e0        -       0x00000010   Zero   RW         2328    .bss                up_timer.o
    0x200002f0        -       0x00000010   Zero   RW         2403    .bss                up_pwm.o
    0x20000300        -       0x00000400   Zero   RW         1690    STACK               startup_stm32f10x_hd.o


==============================================================================

Image component sizes


      Code (inc. data)   RO Data    RW Data    ZI Data      Debug   Object Name

         0          0          0          0          0         32   core_cm3.o
      1272         46          0         76          0     213849   main.o
       140         24          0          0          0     269753   misc.o
        36          8        304          0       1024        860   startup_stm32f10x_hd.o
       296         10          0          0          0       7905   stm32f10x_adc.o
       380         26          0          0          0       5663   stm32f10x_dma.o
        32          4          0          0          0        703   stm32f10x_exti.o
       294         12          0          0          0       4037   stm32f10x_gpio.o
       264         46          0         20          0       6612   stm32f10x_rcc.o
      1092        154          0          0          0       9307   stm32f10x_tim.o
       388          6          0          0          0       8533   stm32f10x_usart.o
       248         24          0         20          0       2113   system_stm32f10x.o
       528         38          0          0         32       3193   up_adc.o
        56          6          0          0          0        564   up_bluetooth.o
       202          0          0          0          0       2017   up_cds5500.o
       308         14          0          0          0        755   up_exti.o
        48          0          0         55          0       2733   up_globle.o
       140         24          0          0          0       2462   up_ioout.o
       554         46          0          0          0       8353   up_it.o
        88         10          0          0          0        558   up_key.o
       906         40          0          3          0       8773   up_lcd.o
       420         24          0          0          0      16187   up_nvic.o
       172         14          0          0         16       1804   up_pwm.o
        50          0          0          0          0     259365   up_system.o
       896         68          0         36         16       4183   up_timer.o
      1076        100          0          2        420       4269   up_uart.o
       224         14          0         57          0       4443   up_vga.o

    ----------------------------------------------------------------------
     10120        758        336        284       1508     849026   Object Totals
         0          0         32          0          0          0   (incl. Generated)
        10          0          0         15          0          0   (incl. Padding)

    ----------------------------------------------------------------------

      Code (inc. data)   RO Data    RW Data    ZI Data      Debug   Library Member Name

         0          0          0          0          0          0   entry.o
         0          0          0          0          0          0   entry10a.o
         0          0          0          0          0          0   entry11a.o
         8          4          0          0          0          0   entry2.o
         4          0          0          0          0          0   entry5.o
         0          0          0          0          0          0   entry7b.o
         0          0          0          0          0          0   entry8b.o
         8          4          0          0          0          0   entry9a.o
        30          0          0          0          0          0   handlers.o
        36          8          0          0          0         68   init.o
         0          0          0          0          0          0   iusefp.o
       124          0          0          0          0         88   fdiv.o
       110          0          0          0          0        168   fepilogue.o
        50          0          0          0          0         68   ffixi.o
        18          0          0          0          0         68   fflti.o

    ----------------------------------------------------------------------
       392         16          0          0          0        460   Library Totals
         4          0          0          0          0          0   (incl. Padding)

    ----------------------------------------------------------------------

      Code (inc. data)   RO Data    RW Data    ZI Data      Debug   Library Name

        86         16          0          0          0         68   mc_w.l
       302          0          0          0          0        392   mf_w.l

    ----------------------------------------------------------------------
       392         16          0          0          0        460   Library Totals

    ----------------------------------------------------------------------

==============================================================================


      Code (inc. data)   RO Data    RW Data    ZI Data      Debug   

     10512        774        336        284       1508     843710   Grand Totals
     10512        774        336        284       1508     843710   ELF Image Totals
     10512        774        336        284          0          0   ROM Totals

==============================================================================

    Total RO  Size (Code + RO Data)                10848 (  10.59kB)
    Total RW  Size (RW Data + ZI Data)              1792 (   1.75kB)
    Total ROM Size (Code + RO Data + RW Data)      11132 (  10.87kB)

==============================================================================

